HYGE talk mode. Speak arithmetic; an empty line or 'goodbye' ends it.
Known forms: 'the sum of A and B', 'A plus B', 'the product of A and B',
'A times B', mul ( A , B ), add ( A , B ), or a number word (zero..nine).
Parentheses group subexpressions: 'two times (two plus two)'.
Teach me: 'training example: double two <-> mul ( two , two )'.
Tasks: 'run self-diagnostics', 'solve the tao triangle problem',
'solve engel e1', 'solve engel e2', 'solve the coin problem',
'prove square roots are real'.
you> research mode on
hyge> restoring the research checkpoint (taught rules will be recompiled and revalidated)
hyge> research mode ON
state: taught rules 0; axioms 0; library rules 0 (packs load on demand: `load theorem packs`); dependency requests 0; intervention episodes 0; learned policies 0; residual generator enabled
you> load theorem packs
hyge> loading the theorem packs
hyge> theorem packs loaded: library rules 167; provenance LIBRARY_THEOREM; they join every attempt from now on.
you> prove that a + a = a + a implies b + b = b + b over positive integers
hyge> parsed goal: (over positive-integers (vars a b) (implies (eq (plus a a) (plus a a)) (eq (plus b b) (plus b b))))
FAILED. cost=334; rules with a genuine partial match: 0
residual record: (zero-successor-root ((over positive-integers (vars a b) (implies (eq (plus a a) (plus a a)) (eq (plus b b) (plus b b))))))
you> goodbye
hyge> goodbye
