Reading pack order-sign...
Reading pack order-sign, done in 0.05s
Reading pack sqrt-real...
Reading pack sqrt-real, done in 0.06s
Reading pack algebra-distribute...
Reading pack algebra-distribute, done in 0.30s
Reading pack sequence-order...
Reading pack sequence-order, done in 0.17s
Reading pack real-closure...
Reading pack real-closure, done in 0.06s
Reading pack arithmetic...
Reading pack arithmetic, done in 0.27s
Reading pack geometry-ontology...
Reading pack geometry-ontology, done in 0.38s
Reading pack trigonometry...
Reading pack trigonometry, done in 0.08s
Reading pack geometry...
Reading pack geometry, done in 1.69s
Reading pack engel-coins...
Reading pack engel-coins, done in 0.16s
Reading pack engel-means...
Reading pack engel-means, done in 0.00s
Reading pack engel-blackboard...
Reading pack engel-blackboard, done in 0.57s
Reading pack number-theory...
Reading pack number-theory, done in 0.46s
Traceback (most recent call last):
  File "<frozen runpy>", line 198, in _run_module_as_main
  File "<frozen runpy>", line 88, in _run_code
  File "/home/user/cat_theo_machine/main.py", line 3576, in <module>
    main()
  File "/home/user/cat_theo_machine/main.py", line 3547, in main
    raise SystemExit(run_search_worker_mode(args.arg1, args.arg2, timeout_seconds))
                     ^^^^^^^^^^^^^^^^^^^^^^^^^^^^^^^^^^^^^^^^^^^^^^^^^^^^^^^^^^^^^
  File "/home/user/cat_theo_machine/main.py", line 842, in run_search_worker_mode
    label, start, goal, _rules, _phi = _search_worker_problem_from_manifest(packs, result_path, worker_heuristic, registry)
                                       ^^^^^^^^^^^^^^^^^^^^^^^^^^^^^^^^^^^^^^^^^^^^^^^^^^^^^^^^^^^^^^^^^^^^^^^^^^^^^^^^^^^^
  File "/home/user/cat_theo_machine/main.py", line 581, in _search_worker_problem_from_manifest
    raise RuntimeError("search-worker legacy request does not identify a theorem; refusing a substitute goal")
RuntimeError: search-worker legacy request does not identify a theorem; refusing a substitute goal
