Reading pack order-sign...
Reading pack order-sign, done in 0.04s
Reading pack sqrt-real...
Reading pack sqrt-real, done in 0.06s
Reading pack algebra-distribute...
Reading pack algebra-distribute, done in 0.31s
Reading pack sequence-order...
Reading pack sequence-order, done in 0.17s
Reading pack real-closure...
Reading pack real-closure, done in 0.06s
PackSurfaceMapping(pack=arithmetic, label=ExprEqLabel, surface=eq)
Reading pack arithmetic...
LibraryRuleMatchedViaSurfaceMapping(rule=ap_center, pack=arithmetic, label=ExprEqLabel, surface=eq)
LibraryRuleMatchedViaSurfaceMapping(rule=ap_center, pack=arithmetic, label=ExprEqLabel, surface=eq)
LibraryRuleMatchedViaSurfaceMapping(rule=arithmetic_equation_is_symmetric, pack=arithmetic, label=ExprEqLabel, surface=eq)
LibraryRuleMatchedViaSurfaceMapping(rule=arithmetic_equation_is_symmetric, pack=arithmetic, label=ExprEqLabel, surface=eq)
Reading pack arithmetic, done in 0.30s
Reading pack geometry-ontology...
Reading pack geometry-ontology, done in 0.37s
Reading pack trigonometry...
Reading pack trigonometry, done in 0.08s
Reading pack geometry...
Reading pack geometry, done in 1.65s
Reading pack engel-coins...
Reading pack engel-coins, done in 0.17s
Reading pack engel-means...
Reading pack engel-means, done in 0.00s
Reading pack engel-blackboard...
Reading pack engel-blackboard, done in 0.63s
Reading pack number-theory...
Reading pack number-theory, done in 0.38s
Traceback (most recent call last):
  File "<frozen runpy>", line 198, in _run_module_as_main
  File "<frozen runpy>", line 88, in _run_code
  File "/tmp/repair-base/cat_theo_machine/main.py", line 5136, in <module>
    main()
  File "/tmp/repair-base/cat_theo_machine/main.py", line 5107, in main
    raise SystemExit(run_search_worker_mode(args.arg1, args.arg2, timeout_seconds))
                     ^^^^^^^^^^^^^^^^^^^^^^^^^^^^^^^^^^^^^^^^^^^^^^^^^^^^^^^^^^^^^
  File "/tmp/repair-base/cat_theo_machine/main.py", line 844, in run_search_worker_mode
    label, start, goal, _rules, _phi = _search_worker_problem_from_manifest(packs, result_path, worker_heuristic, registry)
                                       ^^^^^^^^^^^^^^^^^^^^^^^^^^^^^^^^^^^^^^^^^^^^^^^^^^^^^^^^^^^^^^^^^^^^^^^^^^^^^^^^^^^^
  File "/tmp/repair-base/cat_theo_machine/main.py", line 568, in _search_worker_problem_from_manifest
    raise RuntimeError("search-worker request missing; refusing a substitute theorem")
RuntimeError: search-worker request missing; refusing a substitute theorem
