Reading pack order-sign...
Reading pack order-sign, done in 0.05s
Reading pack sqrt-real...
Reading pack sqrt-real, done in 0.06s
Reading pack algebra-distribute...
Reading pack algebra-distribute, done in 0.32s
Reading pack sequence-order...
Reading pack sequence-order, done in 0.17s
Reading pack real-closure...
Reading pack real-closure, done in 0.06s
PackSurfaceMapping(pack=arithmetic, label=ExprEqLabel, surface=eq)
Reading pack arithmetic...
LibraryRuleMatchedViaSurfaceMapping(rule=ap_center, pack=arithmetic, label=ExprEqLabel, surface=eq)
LibraryRuleMatchedViaSurfaceMapping(rule=ap_center, pack=arithmetic, label=ExprEqLabel, surface=eq)
LibraryRuleMatchedViaSurfaceMapping(rule=arithmetic_equation_is_symmetric, pack=arithmetic, label=ExprEqLabel, surface=eq)
LibraryRuleMatchedViaSurfaceMapping(rule=arithmetic_equation_is_symmetric, pack=arithmetic, label=ExprEqLabel, surface=eq)
Reading pack arithmetic, done in 0.23s
Reading pack geometry-ontology...
Reading pack geometry-ontology, done in 0.38s
Reading pack trigonometry...
Reading pack trigonometry, done in 0.08s
Reading pack geometry...
Reading pack geometry, done in 1.73s
Reading pack engel-coins...
Reading pack engel-coins, done in 0.23s
Reading pack engel-means...
Reading pack engel-means, done in 0.00s
Reading pack engel-blackboard...
Reading pack engel-blackboard, done in 0.86s
Reading pack number-theory...
Reading pack number-theory, done in 0.39s
boot 15.1s   install 95.8s   run 1.2s   total 112.1s
registered 1 tests
passed: 0   failed: 1   open: 0
paused_comparison_job_snapshot_resume_test
