Reading pack order-sign...
Reading pack order-sign, done in 0.05s
Reading pack sqrt-real...
Reading pack sqrt-real, done in 0.06s
Reading pack algebra-distribute...
Reading pack algebra-distribute, done in 0.33s
Reading pack sequence-order...
Reading pack sequence-order, done in 0.17s
Reading pack real-closure...
Reading pack real-closure, done in 0.06s
PackSurfaceMapping(pack=arithmetic, label=ExprEqLabel, surface=eq)
Reading pack arithmetic...
LibraryRuleMatchedViaSurfaceMapping(rule=ap_center, pack=arithmetic, label=ExprEqLabel, surface=eq)
LibraryRuleMatchedViaSurfaceMapping(rule=ap_center, pack=arithmetic, label=ExprEqLabel, surface=eq)
LibraryRuleMatchedViaSurfaceMapping(rule=arithmetic_equation_is_symmetric, pack=arithmetic, label=ExprEqLabel, surface=eq)
LibraryRuleMatchedViaSurfaceMapping(rule=arithmetic_equation_is_symmetric, pack=arithmetic, label=ExprEqLabel, surface=eq)
Reading pack arithmetic, done in 0.23s
PackSurfaceMapping(pack=shell-characterization, label=NosolutionsIntroductionLabel, surface=nosolutions)
PackSurfaceMapping(pack=shell-characterization, label=ForallImpliesDecompositionLabel, surface=forall)
PackSurfaceMapping(pack=shell-characterization, label=NeedContradictionFromArbitrarySolutionLabel, surface=NeedContradictionFromArbitrarySolution)
PackSurfaceMapping(pack=shell-characterization, label=NeedBinderSafeImplicationLabel, surface=NeedBinderSafeImplication)
Reading pack shell-characterization...
Reading pack shell-characterization, done in 0.00s
Reading pack geometry-ontology...
Reading pack geometry-ontology, done in 0.38s
Reading pack trigonometry...
Reading pack trigonometry, done in 0.08s
Reading pack geometry...
Reading pack geometry, done in 1.69s
Reading pack engel-coins...
Reading pack engel-coins, done in 0.17s
Reading pack engel-means...
Reading pack engel-means, done in 0.00s
Reading pack engel-blackboard...
Reading pack engel-blackboard, done in 0.68s
Reading pack number-theory...
Reading pack number-theory, done in 0.45s

=== Cold boot summary for ingest ===
rule_count: 167
schema_count: 4
example_count: 36
loaded_packs: ('order-sign', 'sqrt-real', 'algebra-distribute', 'sequence-order', 'real-closure', 'arithmetic', 'shell-characterization', 'geometry-ontology', 'trigonometry', 'geometry', 'engel-coins', 'engel-means', 'engel-blackboard', 'number-theory')

--- Ingestion: positive-complete.yaml (1 record(s)) ---
1. complete_success: SUCCESS via brute search fallback in 4.05s (planner root Failed, method alternative Failed, derivation retained True)

ingested 1 record(s)
