definition: a prime is a number divisible only by one and itself
yes
definition: a composite is a number divisible by some number other than one and itself
bridge yes
no
definition: a sieve of eratosthenes is a process for filtering primes
bridge yes
yes
keep primes, strike composites
rule: leq(a, b) -> monomul(zero, a, b)
yes
rule: monomul(c, a, b), leq(a, b) -> monomul(s(c), a, b)
yes
induction: monomul
rule: monomul(c, a, b) -> leq(times(c, a), times(c, b))
yes
rule: leq(x, y), leq(y, z) -> leq(x, z)
yes
rule: divisible(a, b, m) -> leq(times(a, b), m)
yes
rule: divisible(a, b, m), leq(s(s(zero)), a), leq(s(s(zero)), b) -> composite(m)
yes
rule: divisible(a, b, m), leq(s(s(zero)), a), leq(times(a, a), m) -> leq(s(s(zero)), b)
yes
lemma: divisible(a, b, m), leq(s(s(zero)), a), leq(s(s(zero)), b), leq(a, b) -> bounded(a, m)
lemma: divisible(a, b, m), leq(s(s(zero)), a), leq(s(s(zero)), b), leq(b, a) -> bounded(b, m)
prove that the sieve as a process and the application of the lemma are extensionally equivalent
fact: NatLess(one, two)
fact: NatLess(two, four)
fact: Divides(two, four)
fact: StepSieveBeginsAt(two)
fact: StepSieveSelectsBy(NatLess)
rule: StepSieveSurvivor(s), Divides(s, n), NatLess(s, n) -> StepStruckBy(n, s)
yes
fact: TrialSieveScansTo(Sqrt)
rule: TrialSieveKept(n) -> NatLess(one, n)
yes
rule: TrialSieveKept(n), Divides(k, n), NatLess(one, k), NatLess(k, n) -> TrialRefutedBy(n, k)
yes
rule: StepSieveKept(n) -> NatLess(one, n)
yes
fact: forall(n, iff(StepSieveKept(n), TrialSieveKept(n)))
training example: double two <-> mul ( two , two )
training example: double four <-> mul ( two , four )
yes
training example: double two <-> mul ( two , two )
training example: double four <-> mul ( two , four )
yes
training example: triple 3 <-> mul(three, three)
training example: triple 2 <-> mul(three, two)
yes
definition: the sieve of eratosthenes is a process for finding prime numbers
bridge no
yes
definition: a prime is a number divisible only by one and itself
yes
definition: a composite is a number divisible by some number other than one and itself
bridge yes
yes
bridge yes
fact: number(zero)
definition: a number is a number
bridge yes
rule: number(n) -> number(succ(n))
yes
rule: number(a), number(b) -> number(diff(a, b))
yes
rule: number(a), number(b), nonzero(b) -> number(frac(a, b))
yes
rule: number(a), number(b) -> number(complex(a, b))
yes
yes
yes
yes
yes
bridge yes
