
===== PROBE A — verbatim machine capture =====
HYGE talk mode. Speak arithmetic; an empty line or 'goodbye' ends it.
Known forms: 'the sum of A and B', 'A plus B', 'the product of A and B',
'A times B', mul ( A , B ), add ( A , B ), or a number word (zero..nine).
Parentheses group subexpressions: 'two times (two plus two)'.
Teach me: 'training example: double two <-> mul ( two , two )'.
Tasks: 'run self-diagnostics', 'solve the tao triangle problem',
'solve engel e1', 'solve engel e2', 'solve the coin problem',
'prove square roots are real'.
you> research mode on
hyge> research mode ON
state: taught rules 0; axioms 0; library rules 0 (packs load on demand: `load theorem packs`); dependency requests 0; intervention episodes 0; learned policies 0; residual generator enabled
you> load theorem packs
hyge> loading the theorem packs
hyge> theorem packs loaded: library rules 167; provenance LIBRARY_THEOREM; they join every attempt from now on.
you> prove that two plus two = four
hyge> I cannot compile this sentence into a formal goal (cannot read the sentence past 'plus'). No attempt was made.
you> goodbye
hyge> goodbye

===== PROBE C — verbatim machine capture =====
HYGE talk mode. Speak arithmetic; an empty line or 'goodbye' ends it.
Known forms: 'the sum of A and B', 'A plus B', 'the product of A and B',
'A times B', mul ( A , B ), add ( A , B ), or a number word (zero..nine).
Parentheses group subexpressions: 'two times (two plus two)'.
Teach me: 'training example: double two <-> mul ( two , two )'.
Tasks: 'run self-diagnostics', 'solve the tao triangle problem',
'solve engel e1', 'solve engel e2', 'solve the coin problem',
'prove square roots are real'.
you> research mode on
hyge> restoring the research checkpoint (taught rules will be recompiled and revalidated)
hyge> research mode ON
state: taught rules 0; axioms 0; library rules 0 (packs load on demand: `load theorem packs`); dependency requests 0; intervention episodes 0; learned policies 0; residual generator enabled
you> load theorem packs
hyge> loading the theorem packs
hyge> theorem packs loaded: library rules 167; provenance LIBRARY_THEOREM; they join every attempt from now on.
you> prove that for all n > 1 two plus two = four
hyge> I cannot compile this sentence into a formal goal (cannot read the sentence past 'plus'). No attempt was made.
you> goodbye
hyge> goodbye

===== PROBE A1 — verbatim machine capture =====
HYGE talk mode. Speak arithmetic; an empty line or 'goodbye' ends it.
Known forms: 'the sum of A and B', 'A plus B', 'the product of A and B',
'A times B', mul ( A , B ), add ( A , B ), or a number word (zero..nine).
Parentheses group subexpressions: 'two times (two plus two)'.
Teach me: 'training example: double two <-> mul ( two , two )'.
Tasks: 'run self-diagnostics', 'solve the tao triangle problem',
'solve engel e1', 'solve engel e2', 'solve the coin problem',
'prove square roots are real'.
you> research mode on
hyge> research mode ON
state: taught rules 0; axioms 0; library rules 0 (packs load on demand: `load theorem packs`); dependency requests 0; intervention episodes 0; learned policies 0; residual generator enabled
you> load theorem packs
hyge> loading the theorem packs
hyge> theorem packs loaded: library rules 167; provenance LIBRARY_THEOREM; they join every attempt from now on.
you> prove that a + a = a + a
hyge> parsed goal: (eq (plus a a) (plus a a))
FAILED. cost=334; rules with a genuine partial match: 1
residual: missing (eq (plus a a) (plus a a)) (rule origin primitive)
you> goodbye
hyge> goodbye

===== PROBE B — verbatim machine capture =====
HYGE talk mode. Speak arithmetic; an empty line or 'goodbye' ends it.
Known forms: 'the sum of A and B', 'A plus B', 'the product of A and B',
'A times B', mul ( A , B ), add ( A , B ), or a number word (zero..nine).
Parentheses group subexpressions: 'two times (two plus two)'.
Teach me: 'training example: double two <-> mul ( two , two )'.
Tasks: 'run self-diagnostics', 'solve the tao triangle problem',
'solve engel e1', 'solve engel e2', 'solve the coin problem',
'prove square roots are real'.
you> research mode on
hyge> restoring the research checkpoint (taught rules will be recompiled and revalidated)
hyge> research mode ON
state: taught rules 0; axioms 0; library rules 0 (packs load on demand: `load theorem packs`); dependency requests 0; intervention episodes 0; learned policies 0; residual generator enabled
you> load theorem packs
hyge> loading the theorem packs
hyge> theorem packs loaded: library rules 167; provenance LIBRARY_THEOREM; they join every attempt from now on.
you> prove that a + b = b + a has no solutions in positive integers
hyge> parsed goal: (nosolutions positive-integers (unknowns a b) (eq (plus a b) (plus b a)))
FAILED. cost=334; rules with a genuine partial match: 0
residual record: (zero-successor-root ((nosolutions positive-integers (unknowns a b) (eq (plus a b) (plus b a)))))
you> goodbye
hyge> goodbye

===== PROBE C1 — verbatim machine capture =====
HYGE talk mode. Speak arithmetic; an empty line or 'goodbye' ends it.
Known forms: 'the sum of A and B', 'A plus B', 'the product of A and B',
'A times B', mul ( A , B ), add ( A , B ), or a number word (zero..nine).
Parentheses group subexpressions: 'two times (two plus two)'.
Teach me: 'training example: double two <-> mul ( two , two )'.
Tasks: 'run self-diagnostics', 'solve the tao triangle problem',
'solve engel e1', 'solve engel e2', 'solve the coin problem',
'prove square roots are real'.
you> research mode on
hyge> research mode ON
state: taught rules 0; axioms 0; library rules 0 (packs load on demand: `load theorem packs`); dependency requests 0; intervention episodes 0; learned policies 0; residual generator enabled
you> load theorem packs
hyge> loading the theorem packs
hyge> theorem packs loaded: library rules 167; provenance LIBRARY_THEOREM; they join every attempt from now on.
you> prove that for all n > 1 a + a = a + a
hyge> parsed goal: (forall n (implies (greater n 1) (eq (plus a a) (plus a a))))
FAILED. cost=334; rules with a genuine partial match: 0
residual record: (zero-successor-root ((forall n (implies (greater n 1) (eq (plus a a) (plus a a))))))
you> goodbye
hyge> goodbye

===== PROBE D — verbatim machine capture =====
HYGE talk mode. Speak arithmetic; an empty line or 'goodbye' ends it.
Known forms: 'the sum of A and B', 'A plus B', 'the product of A and B',
'A times B', mul ( A , B ), add ( A , B ), or a number word (zero..nine).
Parentheses group subexpressions: 'two times (two plus two)'.
Teach me: 'training example: double two <-> mul ( two , two )'.
Tasks: 'run self-diagnostics', 'solve the tao triangle problem',
'solve engel e1', 'solve engel e2', 'solve the coin problem',
'prove square roots are real'.
you> research mode on
hyge> restoring the research checkpoint (taught rules will be recompiled and revalidated)
hyge> research mode ON
state: taught rules 0; axioms 0; library rules 0 (packs load on demand: `load theorem packs`); dependency requests 0; intervention episodes 0; learned policies 0; residual generator enabled
you> load theorem packs
hyge> loading the theorem packs
hyge> theorem packs loaded: library rules 167; provenance LIBRARY_THEOREM; they join every attempt from now on.
you> prove that for all n > 1 a^n + b^n = c^n has no solutions in positive integers
hyge> parsed goal: (forall n (implies (greater n 1) (nosolutions positive-integers (unknowns a b c) (eq (plus (pow a n) (pow b n)) (pow c n)))))
FAILED. cost=334; rules with a genuine partial match: 0
residual record: (zero-successor-root ((forall n (implies (greater n 1) (nosolutions positive-integers (unknowns a b c) (eq (plus (pow a n) (pow b n)) (pow c n)))))))
you> goodbye
hyge> goodbye
