F-RUNNER decoy control, third pass -- the solvable twin of the FLT sentence
============================================================================

freeze tag: experiment-5-frozen-r1 -> ef571b6 (annotated tag 5ebcd92);
remote tip before work: origin/master 428ecdc (unchanged since pass 1).
operator: F-RUNNER (fable 5.1), one cold process, decoy first.
Third pass, same day: the F tooling landed first (F-D1..F-D3), so this
pair was graded through the named instruments, not by hand.

Contamination ledger header: nothing live-taught this session; the 167
library rules are the theorem packs, provenance LIBRARY_THEOREM,
declared by the manifest below so no transcript can be misread about
what the machine held at the start. No residual named a premise, so
nothing was taught and no checkpoint was saved.

you> research mode on
hyge> research mode ON
state: taught rules 0; axioms 0; library rules 0 (packs load on demand: `load theorem packs`); dependency requests 0; intervention episodes 0; learned policies 0; residual generator enabled
you> load theorem packs
hyge> loading the theorem packs
hyge> theorem packs loaded: library rules 167; provenance LIBRARY_THEOREM; they join every attempt from now on.
you> audit knowledge
hyge> audit knowledge (research runtime):
  theorem packs: loaded; library rules 167 (LIBRARY_THEOREM)
  (cold start: the manifest is empty)
  intervention episodes: 0
  learned policies: none
you> prove that for all n > 1 x^n = y^n implies x = y over positive integers
hyge> parsed goal: (forall n (implies (greater n 1) (over positive-integers (vars x y) (implies (eq (pow x n) (pow y n)) (eq x y)))))
FAILED. cost=334; rules with a genuine partial match: 0
residual record: (zero-successor-root ((forall n (implies (greater n 1) (over positive-integers (vars x y) (implies (eq (pow x n) (pow y n)) (eq x y)))))))
you> suggest dependencies
hyge> search stalled, and I cannot characterize the missing theorem.
  goal: (forall n (implies (greater n 1) (over positive-integers (vars x y) (implies (eq (pow x n) (pow y n)) (eq x y)))))
  attempted operational rules: 0
  concrete unmatched formal premises: none
  dependency characterized: no
you> goodbye
hyge> goodbye
