Reading pack order-sign...
Reading pack order-sign, done in 0.22s
Reading pack sqrt-real...
Reading pack sqrt-real, done in 0.29s
Reading pack algebra-distribute...
Reading pack algebra-distribute, done in 0.08s
Reading pack real-closure...
Reading pack real-closure, done in 0.17s
Reading pack arithmetic...
Reading pack arithmetic, done in 0.09s
Reading pack geometry-ontology...
Reading pack geometry-ontology, done in 0.83s
Reading pack trigonometry...
Reading pack trigonometry, done in 0.27s
Reading pack geometry...
Reading pack geometry, it's taken 1.0s already and countingReading pack geometry, done in 1.49s
before-registry-key [<?>, [<?>, <?>], [<?>, [<?>, [<?>, [<?>, Triangle], [<?>, [<?>, Tao Problem 1.1 triangle], [<?>, []]]], [<?>, [<?>, [<?>, SideLengths], [<?>, [<?>, Tao Problem 1.1 triangle], [<?>, []]]], [<?>, [<?>, [<?>, Angles], [<?>, [<?>, Tao Problem 1.1 triangle], [<?>, []]]], [<?>, [<?>, [<?>, Area], [<?>, [<?>, Tao Problem 1.1 triangle], [<?>, []]]], [<?>, [<?>, [<?>, ArithmeticProgression], [<?>, [<?>, [<?>, SideLengths], [<?>, [<?>, Tao Problem 1.1 triangle], [<?>, []]]], [<?>, []]]], [<?>, [<?>, [<?>, CommonDifference], [<?>, [<?>, [<?>, SideLengths], [<?>, [<?>, Tao Problem 1.1 triangle], [<?>, []]]], [<?>, []]]], [<?>, []]]]]]]], [<?>, []]]]
after-key-identity False
after-key-tree-equal True
lookup-after-work-empty True
