D11-PORT before -- packs/arithmetic.pack.yaml
==========================================================
state: no shipped pack declares surface: (pre-port)
probe G: (eq (pow t 6) (pow (pow t 2) 3))
command: python3 tools/d11_gate.py --probe '(eq (pow t 6) (pow (pow t 2) 3))'

Reading pack order-sign...
Reading pack sqrt-real...
Reading pack algebra-distribute...
Reading pack sequence-order...
Reading pack real-closure...
Reading pack arithmetic...
Reading pack geometry-ontology...
Reading pack trigonometry...
Reading pack geometry...
Reading pack engel-coins...
Reading pack engel-means...
Reading pack engel-blackboard...
Reading pack number-theory...
probe:           (eq (pow t 6) (pow (pow t 2) 3))
cost:            334
partial matches: 0
rule ids:        none
origins:         none
