HYGE talk mode. Speak arithmetic; an empty line or 'goodbye' ends it.
Known forms: 'the sum of A and B', 'A plus B', 'the product of A and B',
'A times B', mul ( A , B ), add ( A , B ), or a number word (zero..nine).
Parentheses group subexpressions: 'two times (two plus two)'.
Teach me: 'training example: double two <-> mul ( two , two )'.
Tasks: 'run self-diagnostics', 'solve the tao triangle problem',
'solve engel e1', 'solve engel e2', 'solve the coin problem',
'prove square roots are real'.
you> research mode on
hyge> research mode ON
state: taught rules 0; axioms 0; library rules 0 (packs load on demand: `load theorem packs`); dependency requests 0; intervention episodes 0; learned policies 0; residual generator enabled
you> load theorem packs
hyge> loading the theorem packs
hyge> theorem packs loaded: library rules 167; provenance LIBRARY_THEOREM; they join every attempt from now on.
you> audit knowledge
hyge> audit knowledge (research runtime):
  theorem packs: loaded; library rules 167 (LIBRARY_THEOREM)
  (cold start: the manifest is empty)
  intervention episodes: 0
  learned policies: none
you> prove that for all n > 1 x^n = y^n implies x = y over positive integers
hyge> parsed goal: (forall n (implies (greater n 1) (over positive-integers (vars x y) (implies (eq (pow x n) (pow y n)) (eq x y)))))
FAILED. cost=334; rules with a genuine partial match: 0
residual record: (zero-successor-root ((forall n (implies (greater n 1) (over positive-integers (vars x y) (implies (eq (pow x n) (pow y n)) (eq x y)))))))
you> suggest dependencies
hyge> search stalled, and I cannot characterize the missing theorem.
  goal: (forall n (implies (greater n 1) (over positive-integers (vars x y) (implies (eq (pow x n) (pow y n)) (eq x y)))))
  attempted operational rules: 0
  concrete unmatched formal premises: none
  dependency characterized: no
you> goodbye
hyge> goodbye
