HYGE talk mode. Speak arithmetic; an empty line or 'goodbye' ends it.
Known forms: 'the sum of A and B', 'A plus B', 'the product of A and B',
'A times B', mul ( A , B ), add ( A , B ), or a number word (zero..nine).
Parentheses group subexpressions: 'two times (two plus two)'.
Teach me: 'training example: double two <-> mul ( two , two )'.
Teach facts: 'fact: Human(alice)'.
Ground words: 'word: mud means wet dirt' or 'word: shoes are wearable objects'.
Teach deductions: 'rule: Human(x), Adult(x) -> Sage(x)'.
Ask taught rules: 'query: Sage(alice)'.
Ask symbolic inequalities: 'query: x^4 + y^4 >= x^3*y + x*y^3'.
After a failed search: 'suggest lemmas'; old abduction: 'suggest premises'.
Inspect invented results: 'show lemmas'.
Tasks: 'run self-diagnostics', 'solve the tao triangle problem',
'solve engel e1', 'solve engel e2', 'solve the coin problem',
'prove square roots are real'.
you> DEBUG: talk state written to /home/user/cat_theo_machine/snapshots/talk_state.wire
DEBUG: talk state written to /home/user/cat_theo_machine/snapshots/talk_state.wire
hyge> no; I could not derive a^4 + b^4 >= a^3*b + a*b^3. Search failed after 1 steps. 1 frontier states preserved. Type 'suggest lemmas' to analyze the stall.
you> hyge> yes; the congruence witness normalized a-b-m*w to zero.
you> hyge> Rejected the fabricated congruence witness: a-b-m*w did not normalize to zero.
you> hyge> no; divisibility of a square by 3 needs all three residue classes. Type 'suggest lemmas' to invent the case split.
you> DEBUG: talk state written to /home/user/cat_theo_machine/snapshots/talk_state.wire
hyge> Invented exhaustive mod-3 split with explicit residue branches 0, 1, and 2. The nonzero branches normalize their squares to 3*q+1 and close by contradiction.
Approve this candidate? Enter yes or no.
you> DEBUG: decision 'yes' appended to /home/user/cat_theo_machine/snapshots/talk_lessons.log
DEBUG: talk state written to /home/user/cat_theo_machine/snapshots/talk_state.wire
hyge> Recorded the mod-3 lemma with all three residue branches in its replay certificate.
you> DEBUG: talk state written to /home/user/cat_theo_machine/snapshots/talk_state.wire
hyge> yes; replayed residues 0, 1, and 2 modulo 3; the two nonzero-square branches contradict divisibility by 3.
you> hyge> Scoped integer equation: ((?x^2) = (3 * (?y^2))).
you> DEBUG: talk state written to /home/user/cat_theo_machine/snapshots/talk_state.wire
hyge> yes; derived 3|x^2, replayed the saved residue lemma for x, normalized y^2=3*u^2, replayed it for y, and credited the dependency once.
you> hyge> no; no verified mod-3 descent is saved. Type 'suggest lemmas' to discover it from the residue witnesses.
you> DEBUG: talk state written to /home/user/cat_theo_machine/snapshots/talk_state.wire
hyge> Discovered mod-3 descent map (x,y)->(y,u) from x=3*u; normalization reproduced y^2=3*u^2 and the positive-square comparison rule proved both strict decreases.
Approve this candidate? Enter yes or no.
you> DEBUG: decision 'yes' appended to /home/user/cat_theo_machine/snapshots/talk_lessons.log
DEBUG: talk state written to /home/user/cat_theo_machine/snapshots/talk_state.wire
hyge> Recorded the invented mod-3 descent with nested residue dependencies.
you> DEBUG: talk state written to /home/user/cat_theo_machine/snapshots/talk_state.wire
hyge> yes; replayed the mod-3 residue dependencies, reconstructed (x,y)->(y,u), verified positivity and strict decrease, and applied minimal-counterexample descent.
you> hyge> Cannot replay mod-3 descent: strict-decrease-unresolved.
you> hyge> Cannot replay mod-3 descent: strict-decrease-unresolved.
you> hyge> InventedLemma_1: [no-positive-mod-three-solution, ((?x^2) = (3 * (?y^2)))] [utility: 1, verification: proved]
InventedLemma_2: [coupled-mod-three-goal, ((?x^2) = (3 * (?y^2)))] [utility: 1, verification: proved]
InventedLemma_3: [three-divides-square-implies-base, ?x] [utility: 3, verification: proved]
you> hyge> goodbye
--- checkpoint reload and renamed replay ---
DEBUG: talk state written to /home/user/cat_theo_machine/snapshots/talk_state.wire
HYGE talk mode. Speak arithmetic; an empty line or 'goodbye' ends it.
Known forms: 'the sum of A and B', 'A plus B', 'the product of A and B',
'A times B', mul ( A , B ), add ( A , B ), or a number word (zero..nine).
Parentheses group subexpressions: 'two times (two plus two)'.
Teach me: 'training example: double two <-> mul ( two , two )'.
Teach facts: 'fact: Human(alice)'.
Ground words: 'word: mud means wet dirt' or 'word: shoes are wearable objects'.
Teach deductions: 'rule: Human(x), Adult(x) -> Sage(x)'.
Ask taught rules: 'query: Sage(alice)'.
Ask symbolic inequalities: 'query: x^4 + y^4 >= x^3*y + x*y^3'.
After a failed search: 'suggest lemmas'; old abduction: 'suggest premises'.
Inspect invented results: 'show lemmas'.
Tasks: 'run self-diagnostics', 'solve the tao triangle problem',
'solve engel e1', 'solve engel e2', 'solve the coin problem',
'prove square roots are real'.
(replayed 2 lesson lines from /home/user/cat_theo_machine/snapshots/talk_lessons.log)
you> DEBUG: talk state written to /home/user/cat_theo_machine/snapshots/talk_state.wire
hyge> yes; replayed the mod-3 residue dependencies, reconstructed (x,y)->(y,u), verified positivity and strict decrease, and applied minimal-counterexample descent.
you> hyge> InventedLemma_1: [no-positive-mod-three-solution, ((?x^2) = (3 * (?y^2)))] [utility: 2, verification: proved]
InventedLemma_2: [coupled-mod-three-goal, ((?x^2) = (3 * (?y^2)))] [utility: 2, verification: proved]
InventedLemma_3: [three-divides-square-implies-base, ?x] [utility: 4, verification: proved]
you> hyge> goodbye
