HYGE talk mode. Speak arithmetic; an empty line or 'goodbye' ends it.
Known forms: 'the sum of A and B', 'A plus B', 'the product of A and B',
'A times B', mul ( A , B ), add ( A , B ), or a number word (zero..nine).
Parentheses group subexpressions: 'two times (two plus two)'.
Teach me: 'training example: double two <-> mul ( two , two )'.
Teach facts: 'fact: Human(alice)'.
Ground words: 'word: mud means wet dirt' or 'word: shoes are wearable objects'.
Teach deductions: 'rule: Human(x), Adult(x) -> Sage(x)'.
Ask taught rules: 'query: Sage(alice)'.
Ask symbolic inequalities: 'query: x^4 + y^4 >= x^3*y + x*y^3'.
After a failed search: 'suggest lemmas'; old abduction: 'suggest premises'.
Inspect invented results: 'show lemmas'.
Tasks: 'run self-diagnostics', 'solve the tao triangle problem',
'solve engel e1', 'solve engel e2', 'solve the coin problem',
'prove square roots are real'.
you> DEBUG: talk state written to /home/user/cat_theo_machine/snapshots/talk_state.wire
DEBUG: talk state written to /home/user/cat_theo_machine/snapshots/talk_state.wire
hyge> no; I could not derive a^4 + b^4 >= a^3*b + a*b^3. Search failed after 1 steps. 1 frontier states preserved. Type 'suggest lemmas' to analyze the stall.
you> hyge> no; this modulus needs a bounded exhaustive residue split. Type 'suggest lemmas' to generate all residue branches.
you> hyge> Residue invention refused: at least one nonzero branch has square remainder zero.
you> hyge> no; this modulus needs a bounded exhaustive residue split. Type 'suggest lemmas' to generate all residue branches.
you> DEBUG: talk state written to /home/user/cat_theo_machine/snapshots/talk_state.wire
hyge> Generated every residue branch for modulus 5; each nonzero branch has a normalization-verified nonzero square remainder.
Approve this candidate? Enter yes or no.
you> DEBUG: decision 'yes' appended to /home/user/cat_theo_machine/snapshots/talk_lessons.log
DEBUG: talk state written to /home/user/cat_theo_machine/snapshots/talk_state.wire
hyge> Recorded the modulus-parameterized lemma with every residue branch in its replay certificate.
you> DEBUG: talk state written to /home/user/cat_theo_machine/snapshots/talk_state.wire
hyge> yes; replayed every residue class modulo 5 and closed each nonzero-square branch by its verified remainder.
you> hyge> Scoped integer equation: ((?x^2) = (5 * (?y^2))).
you> DEBUG: talk state written to /home/user/cat_theo_machine/snapshots/talk_state.wire
hyge> yes; replayed the bounded-modulus square lemma twice, normalized the coupled witness equation, and credited the dependency once.
you> hyge> no; no verified modulus-5 descent is saved. Type 'suggest lemmas' to discover it from the bounded residue proof.
you> DEBUG: talk state written to /home/user/cat_theo_machine/snapshots/talk_state.wire
hyge> Discovered a modulus-parameterized descent map from the stored witnesses and verified reproduction, positivity, and both strict decreases.
Approve this candidate? Enter yes or no.
you> DEBUG: decision 'yes' appended to /home/user/cat_theo_machine/snapshots/talk_lessons.log
DEBUG: talk state written to /home/user/cat_theo_machine/snapshots/talk_state.wire
hyge> Recorded the modulus-parameterized descent with nested residue dependencies.
you> DEBUG: talk state written to /home/user/cat_theo_machine/snapshots/talk_state.wire
hyge> yes; replayed the modulus-parameterized residue dependencies, reconstructed (x,y)->(y,u), verified strict decrease, and applied minimal-counterexample descent.
you> hyge> Cannot replay bounded-modulus descent: strict-decrease-unresolved.
you> hyge> Cannot replay bounded-modulus descent: strict-decrease-unresolved.
you> hyge> InventedLemma_1: [no-positive-modulus-solution, 5, ((?x^2) = (5 * (?y^2)))] [utility: 1, verification: proved]
InventedLemma_2: [coupled-bounded-residue-goal, 5, ((?x^2) = (5 * (?y^2)))] [utility: 1, verification: proved]
InventedLemma_3: [modulus-divides-square-implies-base, 5, ?x] [utility: 3, verification: proved]
you> hyge> goodbye
--- checkpoint reload and renamed replay ---
DEBUG: talk state written to /home/user/cat_theo_machine/snapshots/talk_state.wire
HYGE talk mode. Speak arithmetic; an empty line or 'goodbye' ends it.
Known forms: 'the sum of A and B', 'A plus B', 'the product of A and B',
'A times B', mul ( A , B ), add ( A , B ), or a number word (zero..nine).
Parentheses group subexpressions: 'two times (two plus two)'.
Teach me: 'training example: double two <-> mul ( two , two )'.
Teach facts: 'fact: Human(alice)'.
Ground words: 'word: mud means wet dirt' or 'word: shoes are wearable objects'.
Teach deductions: 'rule: Human(x), Adult(x) -> Sage(x)'.
Ask taught rules: 'query: Sage(alice)'.
Ask symbolic inequalities: 'query: x^4 + y^4 >= x^3*y + x*y^3'.
After a failed search: 'suggest lemmas'; old abduction: 'suggest premises'.
Inspect invented results: 'show lemmas'.
Tasks: 'run self-diagnostics', 'solve the tao triangle problem',
'solve engel e1', 'solve engel e2', 'solve the coin problem',
'prove square roots are real'.
(replayed 2 lesson lines from /home/user/cat_theo_machine/snapshots/talk_lessons.log)
you> DEBUG: talk state written to /home/user/cat_theo_machine/snapshots/talk_state.wire
hyge> yes; replayed the modulus-parameterized residue dependencies, reconstructed (x,y)->(y,u), verified strict decrease, and applied minimal-counterexample descent.
you> hyge> InventedLemma_1: [no-positive-modulus-solution, 5, ((?x^2) = (5 * (?y^2)))] [utility: 2, verification: proved]
InventedLemma_2: [coupled-bounded-residue-goal, 5, ((?x^2) = (5 * (?y^2)))] [utility: 2, verification: proved]
InventedLemma_3: [modulus-divides-square-implies-base, 5, ?x] [utility: 4, verification: proved]
you> hyge> goodbye
