Reading pack order-sign...
Reading pack order-sign, it's taken 1.1s already and countingReading pack order-sign, done in 1.07s
Reading pack sqrt-real...
Reading pack sqrt-real, it's taken 1.0s already and countingReading pack sqrt-real, done in 1.38s
Reading pack algebra-distribute...
Reading pack algebra-distribute, done in 0.35s
Reading pack real-closure...
Reading pack real-closure, done in 0.68s
Reading pack arithmetic...
Reading pack arithmetic, done in 0.37s
Reading pack geometry-ontology...
Reading pack geometry-ontology, it's taken 1.1s already and countingReading pack geometry-ontology, it's taken 2.3s already and countingReading pack geometry-ontology, it's taken 3.5s already and countingReading pack geometry-ontology, done in 3.80s
Reading pack trigonometry...
Reading pack trigonometry, it's taken 1.0s already and countingReading pack trigonometry, done in 1.38s
Reading pack geometry...
Reading pack geometry, it's taken 1.3s already and countingReading pack geometry, it's taken 2.4s already and countingReading pack geometry, it's taken 3.6s already and countingReading pack geometry, it's taken 4.8s already and countingReading pack geometry, it's taken 6.0s already and countingReading pack geometry, done in 6.87s
DEBUG: search-dfs-stage: applicable theorem rules start for current=Knowledge([Triangle(Tao Problem 1.1 triangle), SideLengths(Tao Problem 1.1 triangle), Angles(Tao Problem 1.1 triangle), Area(Tao Problem 1.1 triangle), ArithmeticProgression(SideLengths(Tao Problem 1.1 triangle)), CommonDifference(SideLengths(Tao Problem 1.1 triangle))])
DEBUG: search-dfs-stage: applicable theorem rules after cache key in 0.000s
DEBUG: search-dfs-stage: applicable theorem rules after cache lookup in 7.255s
DEBUG: search-dfs-stage: computing applicable theorem rules for current=Knowledge([Triangle(Tao Problem 1.1 triangle), SideLengths(Tao Problem 1.1 triangle), Angles(Tao Problem 1.1 triangle), Area(Tao Problem 1.1 triangle), ArithmeticProgression(SideLengths(Tao Problem 1.1 triangle)), CommonDifference(SideLengths(Tao Problem 1.1 triangle))])
DEBUG: search-dfs-stage: applicable theorem rules after head index in 11.979s
DEBUG: filter-applicable: rule-index=0 anchor=<skipped:no-head> anchor-s=0.000 bucket-s=0.000 bucket-size=0 match-s=0.000 attempts=0 admitted=no
DEBUG: filter-applicable: rule-index=1 anchor=<skipped:no-head> anchor-s=0.000 bucket-s=0.000 bucket-size=0 match-s=0.000 attempts=0 admitted=no
DEBUG: filter-applicable: rule-index=2 anchor=<skipped:no-head> anchor-s=0.000 bucket-s=0.000 bucket-size=0 match-s=0.000 attempts=0 admitted=no
DEBUG: filter-applicable: rule-index=3 anchor=<skipped:no-head> anchor-s=0.000 bucket-s=0.000 bucket-size=0 match-s=0.000 attempts=0 admitted=no
DEBUG: filter-applicable: rule-index=4 anchor=<skipped:no-head> anchor-s=0.000 bucket-s=0.000 bucket-size=0 match-s=0.000 attempts=0 admitted=no
DEBUG: filter-applicable: rule-index=5 anchor=<skipped:no-head> anchor-s=0.000 bucket-s=0.000 bucket-size=0 match-s=0.000 attempts=0 admitted=no
DEBUG: filter-applicable: rule-index=6 anchor=<skipped:no-head> anchor-s=0.000 bucket-s=0.000 bucket-size=0 match-s=0.000 attempts=0 admitted=no
DEBUG: filter-applicable: rule-index=7 anchor=<skipped:no-head> anchor-s=0.000 bucket-s=0.000 bucket-size=0 match-s=0.000 attempts=0 admitted=no
DEBUG: filter-applicable: rule-index=8 anchor=<skipped:no-head> anchor-s=0.000 bucket-s=0.000 bucket-size=0 match-s=0.000 attempts=0 admitted=no
DEBUG: filter-applicable: rule-index=9 anchor=<skipped:no-head> anchor-s=0.000 bucket-s=0.000 bucket-size=0 match-s=0.000 attempts=0 admitted=no
DEBUG: filter-applicable: rule-index=10 anchor=<skipped:no-head> anchor-s=0.000 bucket-s=0.000 bucket-size=0 match-s=0.000 attempts=0 admitted=no
DEBUG: filter-applicable: rule-index=11 anchor=<skipped:no-head> anchor-s=0.000 bucket-s=0.000 bucket-size=0 match-s=0.000 attempts=0 admitted=no
DEBUG: filter-applicable: rule-index=12 anchor=<skipped:no-head> anchor-s=0.000 bucket-s=0.000 bucket-size=0 match-s=0.000 attempts=0 admitted=no
DEBUG: filter-applicable: rule-index=13 anchor=<skipped:no-head> anchor-s=0.000 bucket-s=0.000 bucket-size=0 match-s=0.000 attempts=0 admitted=no
