Reading pack order-sign...
Reading pack order-sign, done in 0.23s
Reading pack sqrt-real...
Reading pack sqrt-real, done in 0.28s
Reading pack algebra-distribute...
Reading pack algebra-distribute, done in 0.08s
Reading pack real-closure...
Reading pack real-closure, done in 0.16s
Reading pack arithmetic...
Reading pack arithmetic, done in 0.09s
Reading pack geometry-ontology...
Reading pack geometry-ontology, done in 0.82s
Reading pack trigonometry...
Reading pack trigonometry, done in 0.27s
Reading pack geometry...
Reading pack geometry, it's taken 1.0s already and countingReading pack geometry, done in 1.48s
DEBUG: search-dfs-stage: applicable theorem rules start for current=Knowledge([Triangle(Tao Problem 1.1 triangle), SideLengths(Tao Problem 1.1 triangle), Angles(Tao Problem 1.1 triangle), Area(Tao Problem 1.1 triangle), ArithmeticProgression(SideLengths(Tao Problem 1.1 triangle)), CommonDifference(SideLengths(Tao Problem 1.1 triangle))])
DEBUG: search-dfs-stage: applicable theorem rules after cache key in 5.382s
DEBUG: search-dfs-stage: applicable theorem rules after cache lookup in 0.000s
DEBUG: search-dfs-stage: computing applicable theorem rules for current=Knowledge([Triangle(Tao Problem 1.1 triangle), SideLengths(Tao Problem 1.1 triangle), Angles(Tao Problem 1.1 triangle), Area(Tao Problem 1.1 triangle), ArithmeticProgression(SideLengths(Tao Problem 1.1 triangle)), CommonDifference(SideLengths(Tao Problem 1.1 triangle))])
DEBUG: search-dfs-stage: applicable theorem rules after head index in 2.558s
DEBUG: filter-applicable: rule-index=0 anchor=<skipped:no-head> anchor-s=0.000 bucket-s=0.000 bucket-size=0 match-s=0.000 attempts=0 admitted=no
DEBUG: filter-applicable: rule-index=0 anchor=<skipped:no-head> anchor-s=0.000 bucket-s=0.000 bucket-size=0 match-s=0.000 attempts=0 admitted=no
DEBUG: filter-applicable: rule-index=1 anchor=<skipped:no-head> anchor-s=0.000 bucket-s=0.000 bucket-size=0 match-s=0.000 attempts=0 admitted=no
DEBUG: filter-applicable: rule-index=0 anchor=<skipped:no-head> anchor-s=0.000 bucket-s=0.000 bucket-size=0 match-s=0.000 attempts=0 admitted=no
DEBUG: filter-applicable: rule-index=0 anchor=<skipped:no-head> anchor-s=0.000 bucket-s=0.000 bucket-size=0 match-s=0.000 attempts=0 admitted=no
DEBUG: filter-applicable: rule-index=1 anchor=<skipped:no-head> anchor-s=0.000 bucket-s=0.000 bucket-size=0 match-s=0.000 attempts=0 admitted=no
DEBUG: filter-applicable: rule-index=0 anchor=<skipped:no-head> anchor-s=0.000 bucket-s=0.000 bucket-size=0 match-s=0.000 attempts=0 admitted=no
DEBUG: filter-applicable: rule-index=1 anchor=<skipped:no-head> anchor-s=0.000 bucket-s=0.000 bucket-size=0 match-s=0.000 attempts=0 admitted=no
DEBUG: filter-applicable: rule-index=0 anchor=<skipped:no-head> anchor-s=0.000 bucket-s=0.000 bucket-size=0 match-s=0.000 attempts=0 admitted=no
DEBUG: filter-applicable: rule-index=1 anchor=<skipped:no-head> anchor-s=0.000 bucket-s=0.000 bucket-size=0 match-s=0.000 attempts=0 admitted=no
DEBUG: filter-applicable: rule-index=1 anchor=<skipped:no-head> anchor-s=0.000 bucket-s=0.000 bucket-size=0 match-s=0.000 attempts=0 admitted=no
DEBUG: filter-applicable: rule-index=0 anchor=<skipped:no-head> anchor-s=0.000 bucket-s=0.000 bucket-size=0 match-s=0.000 attempts=0 admitted=no
DEBUG: filter-applicable: rule-index=2 anchor=<skipped:no-head> anchor-s=0.000 bucket-s=0.000 bucket-size=0 match-s=0.000 attempts=0 admitted=no
DEBUG: filter-applicable: rule-index=1 anchor=<skipped:no-head> anchor-s=0.000 bucket-s=0.000 bucket-size=0 match-s=0.000 attempts=0 admitted=no
DEBUG: filter-applicable: rule-index=2 anchor=<skipped:no-head> anchor-s=0.000 bucket-s=0.000 bucket-size=0 match-s=0.000 attempts=0 admitted=no
DEBUG: filter-applicable: rule-index=1 anchor=<skipped:no-head> anchor-s=0.000 bucket-s=0.000 bucket-size=0 match-s=0.000 attempts=0 admitted=no
DEBUG: filter-applicable: rule-index=2 anchor=<skipped:no-head> anchor-s=0.000 bucket-s=0.000 bucket-size=0 match-s=0.000 attempts=0 admitted=no
DEBUG: filter-applicable: rule-index=0 anchor=ArithmeticProgression(?object) anchor-s=0.000 bucket-s=0.620 bucket-size=1 match-s=0.304 attempts=1 admitted=yes
DEBUG: filter-applicable: rule-index=2 anchor=<skipped:no-head> anchor-s=0.000 bucket-s=0.000 bucket-size=0 match-s=0.000 attempts=0 admitted=no
DEBUG: filter-applicable: rule-index=2 anchor=<skipped:no-head> anchor-s=0.000 bucket-s=0.000 bucket-size=0 match-s=0.000 attempts=0 admitted=no
DEBUG: filter-applicable: rule-index=0 anchor=Triangle(?shape) anchor-s=0.008 bucket-s=0.588 bucket-size=1 match-s=0.324 attempts=1 admitted=yes
DEBUG: filter-applicable: rule-index=0 anchor=Triangle(?shape) anchor-s=0.000 bucket-s=0.694 bucket-size=1 match-s=0.369 attempts=1 admitted=yes
DEBUG: filter-applicable: rule-index=2 anchor=<skipped:no-head> anchor-s=0.000 bucket-s=0.000 bucket-size=0 match-s=0.000 attempts=0 admitted=no
DEBUG: filter-applicable: rule-index=0 anchor=<skipped:no-head> anchor-s=0.000 bucket-s=0.000 bucket-size=0 match-s=0.000 attempts=0 admitted=no
DEBUG: filter-applicable: rule-index=0 anchor=Triangle(?shape) anchor-s=0.000 bucket-s=0.697 bucket-size=1 match-s=0.364 attempts=1 admitted=yes
DEBUG: filter-applicable: rule-index=2 anchor=<skipped:no-head> anchor-s=0.000 bucket-s=0.000 bucket-size=0 match-s=0.000 attempts=0 admitted=no
DEBUG: filter-applicable: rule-index=3 anchor=<skipped:no-head> anchor-s=0.000 bucket-s=0.000 bucket-size=0 match-s=0.000 attempts=0 admitted=no
DEBUG: filter-applicable: rule-index=1 anchor=Triangle(?shape) anchor-s=0.000 bucket-s=0.763 bucket-size=1 match-s=0.350 attempts=1 admitted=yes
DEBUG: filter-applicable: rule-index=0 anchor=<skipped:no-head> anchor-s=0.000 bucket-s=0.000 bucket-size=0 match-s=0.000 attempts=0 admitted=no
DEBUG: filter-applicable: rule-index=3 anchor=<skipped:no-head> anchor-s=0.000 bucket-s=0.000 bucket-size=0 match-s=0.000 attempts=0 admitted=no
DEBUG: filter-applicable: rule-index=1 anchor=Triangle(?shape) anchor-s=0.000 bucket-s=0.763 bucket-size=1 match-s=0.417 attempts=1 admitted=yes
DEBUG: filter-applicable: rule-index=1 anchor=<skipped:no-head> anchor-s=0.000 bucket-s=0.000 bucket-size=0 match-s=0.000 attempts=0 admitted=no
DEBUG: filter-applicable: rule-index=0 anchor=Area(?triangle) anchor-s=0.000 bucket-s=0.832 bucket-size=1 match-s=0.426 attempts=1 admitted=yes
DEBUG: filter-applicable: rule-index=3 anchor=<skipped:no-head> anchor-s=0.000 bucket-s=0.000 bucket-size=0 match-s=0.000 attempts=0 admitted=no
DEBUG: filter-applicable: rule-index=0 anchor=<skipped:no-head> anchor-s=0.000 bucket-s=0.000 bucket-size=0 match-s=0.000 attempts=0 admitted=no
DEBUG: filter-applicable: rule-index=1 anchor=Triangle(?shape) anchor-s=0.000 bucket-s=0.894 bucket-size=1 match-s=0.464 attempts=1 admitted=yes
DEBUG: filter-applicable: rule-index=3 anchor=<skipped:no-head> anchor-s=0.000 bucket-s=0.000 bucket-size=0 match-s=0.000 attempts=0 admitted=no
DEBUG: filter-applicable: rule-index=1 anchor=<skipped:no-head> anchor-s=0.000 bucket-s=0.000 bucket-size=0 match-s=0.000 attempts=0 admitted=no
DEBUG: filter-applicable: rule-index=3 anchor=<skipped:no-head> anchor-s=0.000 bucket-s=0.000 bucket-size=0 match-s=0.000 attempts=0 admitted=no
DEBUG: filter-applicable: rule-index=1 anchor=Triangle(?shape) anchor-s=0.000 bucket-s=0.943 bucket-size=1 match-s=0.450 attempts=1 admitted=yes
DEBUG: filter-applicable: rule-index=0 anchor=<skipped:no-head> anchor-s=0.000 bucket-s=0.000 bucket-size=0 match-s=0.000 attempts=0 admitted=no
DEBUG: filter-applicable: rule-index=1 anchor=<skipped:no-head> anchor-s=0.000 bucket-s=0.000 bucket-size=0 match-s=0.000 attempts=0 admitted=no
DEBUG: filter-applicable: rule-index=1 anchor=<skipped:no-head> anchor-s=0.000 bucket-s=0.000 bucket-size=0 match-s=0.000 attempts=0 admitted=no
DEBUG: filter-applicable: rule-index=3 anchor=<skipped:no-head> anchor-s=0.000 bucket-s=0.000 bucket-size=0 match-s=0.000 attempts=0 admitted=no
DEBUG: filter-applicable: rule-index=2 anchor=<skipped:no-head> anchor-s=0.000 bucket-s=0.000 bucket-size=0 match-s=0.000 attempts=0 admitted=no
DEBUG: filter-applicable: rule-index=1 anchor=<skipped:no-head> anchor-s=0.000 bucket-s=0.000 bucket-size=0 match-s=0.000 attempts=0 admitted=no
DEBUG: filter-applicable: rule-index=0 anchor=Triangle(?triangle) anchor-s=1.912 bucket-s=0.918 bucket-size=1 match-s=0.412 attempts=1 admitted=yes
DEBUG: filter-applicable: rule-index=2 anchor=<skipped:no-head> anchor-s=0.000 bucket-s=0.000 bucket-size=0 match-s=0.000 attempts=0 admitted=no
DEBUG: filter-applicable: rule-index=2 anchor=<skipped:no-head> anchor-s=0.000 bucket-s=0.000 bucket-size=0 match-s=0.000 attempts=0 admitted=no
DEBUG: filter-applicable: rule-index=2 anchor=Triangle(?shape) anchor-s=0.032 bucket-s=0.958 bucket-size=1 match-s=0.357 attempts=1 admitted=yes
DEBUG: filter-applicable: rule-index=3 anchor=CommonDifference(?object) anchor-s=0.000 bucket-s=1.181 bucket-size=1 match-s=0.417 attempts=1 admitted=yes
DEBUG: filter-applicable: rule-index=1 anchor=<skipped:no-head> anchor-s=0.000 bucket-s=0.000 bucket-size=0 match-s=0.000 attempts=0 admitted=no
DEBUG: filter-applicable: rule-index=2 anchor=<skipped:no-head> anchor-s=0.000 bucket-s=0.000 bucket-size=0 match-s=0.000 attempts=0 admitted=no
DEBUG: filter-applicable: rule-index=2 anchor=Triangle(?shape) anchor-s=0.000 bucket-s=0.893 bucket-size=1 match-s=0.449 attempts=1 admitted=yes
DEBUG: filter-applicable: rule-index=2 anchor=Triangle(?shape) anchor-s=0.000 bucket-s=0.898 bucket-size=1 match-s=0.379 attempts=1 admitted=yes
DEBUG: filter-applicable: rule-index=3 anchor=<skipped:no-head> anchor-s=0.000 bucket-s=0.000 bucket-size=0 match-s=0.000 attempts=0 admitted=no
DEBUG: filter-applicable: rule-index=2 anchor=Triangle(?triangle) anchor-s=0.795 bucket-s=0.567 bucket-size=1 match-s=0.288 attempts=1 admitted=yes
DEBUG: filter-applicable: rule-index=3 anchor=<skipped:no-head> anchor-s=0.000 bucket-s=0.000 bucket-size=0 match-s=0.000 attempts=0 admitted=no
DEBUG: filter-applicable: rule-index=3 anchor=<skipped:no-head> anchor-s=0.000 bucket-s=0.000 bucket-size=0 match-s=0.000 attempts=0 admitted=no
DEBUG: filter-applicable: rule-index=2 anchor=<skipped:no-head> anchor-s=0.000 bucket-s=0.000 bucket-size=0 match-s=0.000 attempts=0 admitted=no
DEBUG: filter-applicable: rule-index=3 anchor=<skipped:no-head> anchor-s=0.000 bucket-s=0.000 bucket-size=0 match-s=0.000 attempts=0 admitted=no
DEBUG: filter-applicable: rule-index=3 anchor=Triangle(?shape) anchor-s=0.016 bucket-s=0.606 bucket-size=1 match-s=0.256 attempts=1 admitted=yes
DEBUG: filter-applicable: rule-index=3 anchor=Triangle(?shape) anchor-s=0.000 bucket-s=0.487 bucket-size=1 match-s=0.239 attempts=1 admitted=yes
DEBUG: filter-applicable: rule-index=3 anchor=Triangle(?shape) anchor-s=0.000 bucket-s=0.468 bucket-size=1 match-s=0.258 attempts=1 admitted=yes
DEBUG: filter-applicable: rule-index=3 anchor=<skipped:no-head> anchor-s=0.000 bucket-s=0.000 bucket-size=0 match-s=0.000 attempts=0 admitted=no
DEBUG: filter-applicable: rule-index=3 anchor=<skipped:no-head> anchor-s=0.000 bucket-s=0.000 bucket-size=0 match-s=0.000 attempts=0 admitted=no
DEBUG: search-dfs-stage: applicable theorem rules after filtering in 18.506s
DEBUG: search-dfs-stage: applicable theorem rules ready count=18 for current=Knowledge([Triangle(Tao Problem 1.1 triangle), SideLengths(Tao Problem 1.1 triangle), Angles(Tao Problem 1.1 triangle), Area(Tao Problem 1.1 triangle), ArithmeticProgression(SideLengths(Tao Problem 1.1 triangle)), CommonDifference(SideLengths(Tao Problem 1.1 triangle))])
DEBUG: search-dfs-stage: applicable theorem rules after cache store in 12.910s total=39.356s
DEBUG: search-dfs-stage: applicable theorem rules start for current=Knowledge([Triangle(Tao Problem 1.1 triangle), SideLengths(Tao Problem 1.1 triangle), Angles(Tao Problem 1.1 triangle), Area(Tao Problem 1.1 triangle), ArithmeticProgression(SideLengths(Tao Problem 1.1 triangle)), CommonDifference(SideLengths(Tao Problem 1.1 triangle))])
DEBUG: search-dfs-stage: applicable theorem rules after cache key in 6.969s
DEBUG: search-dfs-stage: applicable theorem rules after cache lookup in 0.000s
DEBUG: search-dfs-stage: computing applicable theorem rules for current=Knowledge([Triangle(Tao Problem 1.1 triangle), SideLengths(Tao Problem 1.1 triangle), Angles(Tao Problem 1.1 triangle), Area(Tao Problem 1.1 triangle), ArithmeticProgression(SideLengths(Tao Problem 1.1 triangle)), CommonDifference(SideLengths(Tao Problem 1.1 triangle))])
DEBUG: search-dfs-stage: applicable theorem rules after head index in 4.296s
DEBUG: filter-applicable: rule-index=0 anchor=<skipped:no-head> anchor-s=0.000 bucket-s=0.000 bucket-size=0 match-s=0.000 attempts=0 admitted=no
DEBUG: filter-applicable: rule-index=0 anchor=<skipped:no-head> anchor-s=0.000 bucket-s=0.000 bucket-size=0 match-s=0.000 attempts=0 admitted=no
DEBUG: filter-applicable: rule-index=0 anchor=<skipped:no-head> anchor-s=0.000 bucket-s=0.000 bucket-size=0 match-s=0.000 attempts=0 admitted=no
DEBUG: filter-applicable: rule-index=1 anchor=<skipped:no-head> anchor-s=0.000 bucket-s=0.000 bucket-size=0 match-s=0.000 attempts=0 admitted=no
DEBUG: filter-applicable: rule-index=0 anchor=<skipped:no-head> anchor-s=0.000 bucket-s=0.000 bucket-size=0 match-s=0.000 attempts=0 admitted=no
DEBUG: filter-applicable: rule-index=1 anchor=<skipped:no-head> anchor-s=0.000 bucket-s=0.000 bucket-size=0 match-s=0.000 attempts=0 admitted=no
DEBUG: filter-applicable: rule-index=0 anchor=<skipped:no-head> anchor-s=0.000 bucket-s=0.000 bucket-size=0 match-s=0.000 attempts=0 admitted=no
DEBUG: filter-applicable: rule-index=1 anchor=<skipped:no-head> anchor-s=0.000 bucket-s=0.000 bucket-size=0 match-s=0.000 attempts=0 admitted=no
DEBUG: filter-applicable: rule-index=0 anchor=<skipped:no-head> anchor-s=0.000 bucket-s=0.000 bucket-size=0 match-s=0.000 attempts=0 admitted=no
DEBUG: filter-applicable: rule-index=1 anchor=<skipped:no-head> anchor-s=0.000 bucket-s=0.000 bucket-size=0 match-s=0.000 attempts=0 admitted=no
DEBUG: filter-applicable: rule-index=0 anchor=<skipped:no-head> anchor-s=0.000 bucket-s=0.000 bucket-size=0 match-s=0.000 attempts=0 admitted=no
DEBUG: filter-applicable: rule-index=1 anchor=<skipped:no-head> anchor-s=0.000 bucket-s=0.000 bucket-size=0 match-s=0.000 attempts=0 admitted=no
DEBUG: filter-applicable: rule-index=1 anchor=<skipped:no-head> anchor-s=0.000 bucket-s=0.000 bucket-size=0 match-s=0.000 attempts=0 admitted=no
DEBUG: filter-applicable: rule-index=2 anchor=<skipped:no-head> anchor-s=0.000 bucket-s=0.000 bucket-size=0 match-s=0.000 attempts=0 admitted=no
DEBUG: filter-applicable: rule-index=1 anchor=<skipped:no-head> anchor-s=0.000 bucket-s=0.000 bucket-size=0 match-s=0.000 attempts=0 admitted=no
DEBUG: filter-applicable: rule-index=2 anchor=<skipped:no-head> anchor-s=0.000 bucket-s=0.000 bucket-size=0 match-s=0.000 attempts=0 admitted=no
DEBUG: filter-applicable: rule-index=0 anchor=ArithmeticProgression(?object) anchor-s=0.000 bucket-s=0.728 bucket-size=1 match-s=0.457 attempts=1 admitted=yes
DEBUG: filter-applicable: rule-index=2 anchor=<skipped:no-head> anchor-s=0.000 bucket-s=0.000 bucket-size=0 match-s=0.000 attempts=0 admitted=no
DEBUG: filter-applicable: rule-index=0 anchor=Triangle(?shape) anchor-s=0.000 bucket-s=0.722 bucket-size=1 match-s=0.462 attempts=1 admitted=yes
DEBUG: filter-applicable: rule-index=2 anchor=<skipped:no-head> anchor-s=0.000 bucket-s=0.000 bucket-size=0 match-s=0.000 attempts=0 admitted=no
DEBUG: filter-applicable: rule-index=0 anchor=<skipped:no-head> anchor-s=0.000 bucket-s=0.000 bucket-size=0 match-s=0.000 attempts=0 admitted=no
DEBUG: filter-applicable: rule-index=0 anchor=Triangle(?shape) anchor-s=0.000 bucket-s=0.824 bucket-size=1 match-s=0.532 attempts=1 admitted=yes
DEBUG: filter-applicable: rule-index=2 anchor=<skipped:no-head> anchor-s=0.000 bucket-s=0.000 bucket-size=0 match-s=0.000 attempts=0 admitted=no
DEBUG: filter-applicable: rule-index=0 anchor=Triangle(?shape) anchor-s=0.000 bucket-s=0.788 bucket-size=1 match-s=0.651 attempts=1 admitted=yes
DEBUG: filter-applicable: rule-index=2 anchor=<skipped:no-head> anchor-s=0.000 bucket-s=0.000 bucket-size=0 match-s=0.000 attempts=0 admitted=no
DEBUG: filter-applicable: rule-index=2 anchor=<skipped:no-head> anchor-s=0.000 bucket-s=0.000 bucket-size=0 match-s=0.000 attempts=0 admitted=no
DEBUG: filter-applicable: rule-index=0 anchor=<skipped:no-head> anchor-s=0.000 bucket-s=0.000 bucket-size=0 match-s=0.000 attempts=0 admitted=no
DEBUG: filter-applicable: rule-index=0 anchor=Area(?triangle) anchor-s=0.000 bucket-s=0.941 bucket-size=1 match-s=0.588 attempts=1 admitted=yes
DEBUG: filter-applicable: rule-index=0 anchor=<skipped:no-head> anchor-s=0.000 bucket-s=0.000 bucket-size=0 match-s=0.000 attempts=0 admitted=no
DEBUG: filter-applicable: rule-index=1 anchor=<skipped:no-head> anchor-s=0.000 bucket-s=0.000 bucket-size=0 match-s=0.000 attempts=0 admitted=no
DEBUG: filter-applicable: rule-index=3 anchor=<skipped:no-head> anchor-s=0.000 bucket-s=0.000 bucket-size=0 match-s=0.000 attempts=0 admitted=no
DEBUG: filter-applicable: rule-index=1 anchor=Triangle(?shape) anchor-s=0.000 bucket-s=1.137 bucket-size=1 match-s=0.639 attempts=1 admitted=yes
DEBUG: filter-applicable: rule-index=3 anchor=<skipped:no-head> anchor-s=0.000 bucket-s=0.000 bucket-size=0 match-s=0.000 attempts=0 admitted=no
DEBUG: filter-applicable: rule-index=1 anchor=<skipped:no-head> anchor-s=0.000 bucket-s=0.000 bucket-size=0 match-s=0.000 attempts=0 admitted=no
DEBUG: filter-applicable: rule-index=0 anchor=<skipped:no-head> anchor-s=0.000 bucket-s=0.000 bucket-size=0 match-s=0.000 attempts=0 admitted=no
DEBUG: filter-applicable: rule-index=1 anchor=Triangle(?shape) anchor-s=0.000 bucket-s=1.110 bucket-size=1 match-s=0.692 attempts=1 admitted=yes
DEBUG: filter-applicable: rule-index=1 anchor=<skipped:no-head> anchor-s=0.000 bucket-s=0.000 bucket-size=0 match-s=0.000 attempts=0 admitted=no
DEBUG: filter-applicable: rule-index=3 anchor=<skipped:no-head> anchor-s=0.000 bucket-s=0.000 bucket-size=0 match-s=0.000 attempts=0 admitted=no
DEBUG: filter-applicable: rule-index=1 anchor=Triangle(?shape) anchor-s=0.000 bucket-s=1.091 bucket-size=1 match-s=0.699 attempts=1 admitted=yes
DEBUG: filter-applicable: rule-index=1 anchor=<skipped:no-head> anchor-s=0.000 bucket-s=0.000 bucket-size=0 match-s=0.000 attempts=0 admitted=no
DEBUG: filter-applicable: rule-index=1 anchor=Triangle(?shape) anchor-s=0.000 bucket-s=1.230 bucket-size=1 match-s=0.615 attempts=1 admitted=yes
DEBUG: filter-applicable: rule-index=3 anchor=<skipped:no-head> anchor-s=0.000 bucket-s=0.000 bucket-size=0 match-s=0.000 attempts=0 admitted=no
DEBUG: filter-applicable: rule-index=3 anchor=<skipped:no-head> anchor-s=0.000 bucket-s=0.000 bucket-size=0 match-s=0.000 attempts=0 admitted=no
DEBUG: filter-applicable: rule-index=1 anchor=<skipped:no-head> anchor-s=0.000 bucket-s=0.000 bucket-size=0 match-s=0.000 attempts=0 admitted=no
DEBUG: filter-applicable: rule-index=3 anchor=<skipped:no-head> anchor-s=0.000 bucket-s=0.000 bucket-size=0 match-s=0.000 attempts=0 admitted=no
DEBUG: filter-applicable: rule-index=0 anchor=Triangle(?triangle) anchor-s=2.353 bucket-s=1.140 bucket-size=1 match-s=0.690 attempts=1 admitted=yes
DEBUG: filter-applicable: rule-index=2 anchor=<skipped:no-head> anchor-s=0.000 bucket-s=0.000 bucket-size=0 match-s=0.000 attempts=0 admitted=no
DEBUG: filter-applicable: rule-index=2 anchor=<skipped:no-head> anchor-s=0.000 bucket-s=0.000 bucket-size=0 match-s=0.000 attempts=0 admitted=no
DEBUG: filter-applicable: rule-index=2 anchor=<skipped:no-head> anchor-s=0.000 bucket-s=0.000 bucket-size=0 match-s=0.000 attempts=0 admitted=no
DEBUG: filter-applicable: rule-index=1 anchor=<skipped:no-head> anchor-s=0.000 bucket-s=0.000 bucket-size=0 match-s=0.000 attempts=0 admitted=no
DEBUG: filter-applicable: rule-index=2 anchor=<skipped:no-head> anchor-s=0.000 bucket-s=0.000 bucket-size=0 match-s=0.000 attempts=0 admitted=no
DEBUG: filter-applicable: rule-index=3 anchor=CommonDifference(?object) anchor-s=0.000 bucket-s=1.273 bucket-size=1 match-s=0.718 attempts=1 admitted=yes
DEBUG: filter-applicable: rule-index=2 anchor=Triangle(?shape) anchor-s=0.000 bucket-s=1.111 bucket-size=1 match-s=0.610 attempts=1 admitted=yes
DEBUG: filter-applicable: rule-index=2 anchor=Triangle(?shape) anchor-s=0.000 bucket-s=1.041 bucket-size=1 match-s=0.666 attempts=1 admitted=yes
DEBUG: filter-applicable: rule-index=2 anchor=Triangle(?shape) anchor-s=0.000 bucket-s=0.840 bucket-size=1 match-s=0.570 attempts=1 admitted=yes
DEBUG: filter-applicable: rule-index=3 anchor=<skipped:no-head> anchor-s=0.000 bucket-s=0.000 bucket-size=0 match-s=0.000 attempts=0 admitted=no
DEBUG: filter-applicable: rule-index=2 anchor=Triangle(?triangle) anchor-s=0.994 bucket-s=0.894 bucket-size=1 match-s=0.412 attempts=1 admitted=yes
DEBUG: filter-applicable: rule-index=3 anchor=<skipped:no-head> anchor-s=0.000 bucket-s=0.000 bucket-size=0 match-s=0.000 attempts=0 admitted=no
DEBUG: filter-applicable: rule-index=3 anchor=<skipped:no-head> anchor-s=0.000 bucket-s=0.000 bucket-size=0 match-s=0.000 attempts=0 admitted=no
DEBUG: filter-applicable: rule-index=2 anchor=<skipped:no-head> anchor-s=0.000 bucket-s=0.000 bucket-size=0 match-s=0.000 attempts=0 admitted=no
DEBUG: filter-applicable: rule-index=3 anchor=<skipped:no-head> anchor-s=0.000 bucket-s=0.000 bucket-size=0 match-s=0.000 attempts=0 admitted=no
DEBUG: filter-applicable: rule-index=3 anchor=Triangle(?shape) anchor-s=0.000 bucket-s=0.757 bucket-size=1 match-s=0.416 attempts=1 admitted=yes
DEBUG: filter-applicable: rule-index=3 anchor=Triangle(?shape) anchor-s=0.000 bucket-s=0.641 bucket-size=1 match-s=0.347 attempts=1 admitted=yes
DEBUG: filter-applicable: rule-index=3 anchor=Triangle(?shape) anchor-s=0.000 bucket-s=0.672 bucket-size=1 match-s=0.343 attempts=1 admitted=yes
DEBUG: filter-applicable: rule-index=3 anchor=<skipped:no-head> anchor-s=0.000 bucket-s=0.000 bucket-size=0 match-s=0.000 attempts=0 admitted=no
DEBUG: filter-applicable: rule-index=3 anchor=<skipped:no-head> anchor-s=0.000 bucket-s=0.000 bucket-size=0 match-s=0.000 attempts=0 admitted=no
DEBUG: search-dfs-stage: applicable theorem rules after filtering in 23.912s
DEBUG: search-dfs-stage: applicable theorem rules ready count=18 for current=Knowledge([Triangle(Tao Problem 1.1 triangle), SideLengths(Tao Problem 1.1 triangle), Angles(Tao Problem 1.1 triangle), Area(Tao Problem 1.1 triangle), ArithmeticProgression(SideLengths(Tao Problem 1.1 triangle)), CommonDifference(SideLengths(Tao Problem 1.1 triangle))])
DEBUG: search-dfs-stage: applicable theorem rules after cache store in 13.279s total=48.456s
DEBUG: search-dfs-stage: theorem rule order after applicable in 54.273s
DEBUG: search-dfs-stage: theorem rule order after head index in 1.210s
DEBUG: search-dfs-stage: ordering theorem rules toward goal=Solved(Triangle(Tao Problem 1.1 triangle)) for current=Knowledge([Triangle(Tao Problem 1.1 triangle), SideLengths(Tao Problem 1.1 triangle), Angles(Tao Problem 1.1 triangle), Area(Tao Problem 1.1 triangle), ArithmeticProgression(SideLengths(Tao Problem 1.1 triangle)), CommonDifference(SideLengths(Tao Problem 1.1 triangle))])
DEBUG: goal-head-buckets: after replacement index in 4.695s
DEBUG: goal-head-buckets: after goal bucket in 0.083s
DEBUG: goal-head-buckets: after other bucket in 0.002s total=4.780s
DEBUG: goal-head-orderer: after buckets in 4.782s
DEBUG: goal-head-orderer: after append in 0.000s total=4.782s
DEBUG: search-dfs-stage: theorem rule order after orderer in 8.099s
DEBUG: search-dfs-stage: theorem rule order ready count=18 for current=Knowledge([Triangle(Tao Problem 1.1 triangle), SideLengths(Tao Problem 1.1 triangle), Angles(Tao Problem 1.1 triangle), Area(Tao Problem 1.1 triangle), ArithmeticProgression(SideLengths(Tao Problem 1.1 triangle)), CommonDifference(SideLengths(Tao Problem 1.1 triangle))]) goal=Solved(Triangle(Tao Problem 1.1 triangle))
DEBUG: search-dfs-stage: theorem rule order after cache store in 26.763s total=90.344s
done False
