Reading pack order-sign...
Reading pack order-sign, done in 0.21s
Reading pack sqrt-real...
Reading pack sqrt-real, done in 0.30s
Reading pack algebra-distribute...
Reading pack algebra-distribute, done in 0.09s
Reading pack real-closure...
Reading pack real-closure, done in 0.16s
Reading pack arithmetic...
Reading pack arithmetic, done in 0.09s
Reading pack geometry-ontology...
Reading pack geometry-ontology, done in 0.83s
Reading pack trigonometry...
Reading pack trigonometry, done in 0.27s
Reading pack geometry...
Reading pack geometry, it's taken 1.0s already and countingReading pack geometry, done in 1.47s
RULE-INDEX 0
compiled True
raw-rule 0  ->  NonNegative(0)
selected-anchor 0
selected-anchor-exactkey [<?>, 0]
selected-anchor-termhead-empty True
selected-anchor-headbucket [<?>, 0]
direct-bucket-size 0
---
RULE-INDEX 1
compiled True
raw-rule 0  ->  IsReal(0)
selected-anchor 0
selected-anchor-exactkey [<?>, 0]
selected-anchor-termhead-empty True
selected-anchor-headbucket [<?>, 0]
direct-bucket-size 0
---
