DEBUG-EXT: starting extended Tao DFS probe
DEBUG-EXT: booting runtime from packs
Reading pack order-sign...
Reading pack order-sign, done in 0.25s
Reading pack sqrt-real...
Reading pack sqrt-real, done in 0.44s
Reading pack algebra-distribute...
Reading pack algebra-distribute, done in 0.14s
Reading pack real-closure...
Reading pack real-closure, done in 0.24s
Reading pack arithmetic...
Reading pack arithmetic, done in 0.13s
Reading pack geometry-ontology...
Reading pack geometry-ontology, it's taken 1.1s already and countingReading pack geometry-ontology, done in 1.10s
Reading pack trigonometry...
Reading pack trigonometry, done in 0.40s
Reading pack geometry...
Reading pack geometry, it's taken 1.1s already and countingReading pack geometry, it's taken 2.1s already and countingReading pack geometry, done in 2.35s
DEBUG-EXT: runtime booted in 31.301632404327393 seconds
DEBUG-EXT: console disabled for probe
DEBUG-EXT: pack order-sign loaded
DEBUG-EXT: pack sqrt-real loaded
DEBUG-EXT: pack algebra-distribute loaded
DEBUG-EXT: pack real-closure loaded
DEBUG-EXT: pack arithmetic loaded
DEBUG-EXT: pack geometry-ontology loaded
DEBUG-EXT: pack trigonometry loaded
DEBUG-EXT: pack geometry loaded
DEBUG-EXT: loading Tao problem example from geometry pack
DEBUG-EXT: raw start built
DEBUG-EXT: raw start = Knowledge([Triangle(Tao Problem 1.1 triangle), SideLengths(Tao Problem 1.1 triangle), Angles(Tao Problem 1.1 triangle), ArithmeticProgression(SideLengths(Tao Problem 1.1 triangle)), CommonDifference(SideLengths(Tao Problem 1.1 triangle)), Area(Tao Problem 1.1 triangle)])
DEBUG-EXT: raw goal = Solved(Triangle(Tao Problem 1.1 triangle))
DEBUG-EXT: normalizing start knowledge
DEBUG-EXT: normalized start in 5.319565773010254 seconds
DEBUG-EXT: normalized start = Knowledge([Triangle(Tao Problem 1.1 triangle), SideLengths(Tao Problem 1.1 triangle), Angles(Tao Problem 1.1 triangle), Area(Tao Problem 1.1 triangle), ArithmeticProgression(SideLengths(Tao Problem 1.1 triangle)), CommonDifference(SideLengths(Tao Problem 1.1 triangle))])
DEBUG-EXT: normalizing goal
DEBUG-EXT: normalized goal in 8.869171142578125e-05 seconds
DEBUG-EXT: normalized goal = Solved(Triangle(Tao Problem 1.1 triangle))
DEBUG-EXT: checking derivation cache before search
DEBUG-EXT: derivation cache lookup finished in 0.01509237289428711 seconds
DEBUG-EXT: derivation cache miss
DEBUG-EXT: loading ordered rules
DEBUG-EXT: ordered rules loaded in 0.01619267463684082 seconds
DEBUG-EXT: ordered rule max-steps = 66
DEBUG-EXT: building root state
DEBUG-EXT: root current = Knowledge([Triangle(Tao Problem 1.1 triangle), SideLengths(Tao Problem 1.1 triangle), Angles(Tao Problem 1.1 triangle), Area(Tao Problem 1.1 triangle), ArithmeticProgression(SideLengths(Tao Problem 1.1 triangle)), CommonDifference(SideLengths(Tao Problem 1.1 triangle))])
DEBUG-EXT: root steps = 66
DEBUG-EXT: root cursor is empty before theorem seeding
DEBUG-EXT: building root job
DEBUG-EXT: root job frontier size = 1
DEBUG-EXT: creating SearchStep kernel
DEBUG-EXT: kernel created in 0.24132919311523438 seconds
DEBUG-EXT: probing cached solution for root
DEBUG-EXT: cached solution probe finished in 6.864154815673828 seconds
DEBUG-EXT: no cached solution for root
DEBUG-EXT: probing knowledge head index for root
DEBUG-EXT: root knowledge head index built in 1.083655595779419 seconds
DEBUG-EXT: probing applicable theorem rules for root
DEBUG: search-dfs-stage: applicable theorem rules start for current=Knowledge([Triangle(Tao Problem 1.1 triangle), SideLengths(Tao Problem 1.1 triangle), Angles(Tao Problem 1.1 triangle), Area(Tao Problem 1.1 triangle), ArithmeticProgression(SideLengths(Tao Problem 1.1 triangle)), CommonDifference(SideLengths(Tao Problem 1.1 triangle))])
DEBUG: search-dfs-stage: applicable theorem rules after cache key in 7.026s
DEBUG: search-dfs-stage: applicable theorem rules after cache lookup in 0.000s
DEBUG: search-dfs-stage: computing applicable theorem rules for current=Knowledge([Triangle(Tao Problem 1.1 triangle), SideLengths(Tao Problem 1.1 triangle), Angles(Tao Problem 1.1 triangle), Area(Tao Problem 1.1 triangle), ArithmeticProgression(SideLengths(Tao Problem 1.1 triangle)), CommonDifference(SideLengths(Tao Problem 1.1 triangle))])
DEBUG: search-dfs-stage: applicable theorem rules after head index in 3.188s
