DEBUG-EXT: starting extended Tao DFS probe
DEBUG-EXT: booting runtime from packs
Reading pack order-sign...
Reading pack order-sign, done in 0.31s
Reading pack sqrt-real...
Reading pack sqrt-real, done in 0.44s
Reading pack algebra-distribute...
Reading pack algebra-distribute, done in 0.12s
Reading pack real-closure...
Reading pack real-closure, done in 0.24s
Reading pack arithmetic...
Reading pack arithmetic, done in 0.14s
Reading pack geometry-ontology...
Reading pack geometry-ontology, it's taken 1.0s already and countingReading pack geometry-ontology, done in 1.33s
Reading pack trigonometry...
Reading pack trigonometry, done in 0.44s
Reading pack geometry...
Reading pack geometry, it's taken 1.1s already and countingReading pack geometry, it's taken 2.3s already and countingReading pack geometry, done in 2.41s
DEBUG-EXT: runtime booted in 27.39962387084961 seconds
DEBUG-EXT: console disabled for probe
DEBUG-EXT: pack order-sign loaded
DEBUG-EXT: pack sqrt-real loaded
DEBUG-EXT: pack algebra-distribute loaded
DEBUG-EXT: pack real-closure loaded
DEBUG-EXT: pack arithmetic loaded
DEBUG-EXT: pack geometry-ontology loaded
DEBUG-EXT: pack trigonometry loaded
DEBUG-EXT: pack geometry loaded
DEBUG-EXT: loading Tao problem example from geometry pack
DEBUG-EXT: raw start built
DEBUG-EXT: raw start = Knowledge([Triangle(Tao Problem 1.1 triangle), SideLengths(Tao Problem 1.1 triangle), Angles(Tao Problem 1.1 triangle), ArithmeticProgression(SideLengths(Tao Problem 1.1 triangle)), CommonDifference(SideLengths(Tao Problem 1.1 triangle)), Area(Tao Problem 1.1 triangle)])
DEBUG-EXT: raw goal = Solved(Triangle(Tao Problem 1.1 triangle))
DEBUG-EXT: normalizing start knowledge
DEBUG-EXT: normalized start in 3.8398818969726562 seconds
DEBUG-EXT: normalized start = Knowledge([Triangle(Tao Problem 1.1 triangle), SideLengths(Tao Problem 1.1 triangle), Angles(Tao Problem 1.1 triangle), Area(Tao Problem 1.1 triangle), ArithmeticProgression(SideLengths(Tao Problem 1.1 triangle)), CommonDifference(SideLengths(Tao Problem 1.1 triangle))])
DEBUG-EXT: normalizing goal
DEBUG-EXT: normalized goal in 9.441375732421875e-05 seconds
DEBUG-EXT: normalized goal = Solved(Triangle(Tao Problem 1.1 triangle))
DEBUG-EXT: checking derivation cache before search
DEBUG-EXT: derivation cache lookup finished in 0.01937723159790039 seconds
DEBUG-EXT: derivation cache miss
DEBUG-EXT: loading ordered rules
DEBUG-EXT: ordered rules loaded in 0.02045607566833496 seconds
DEBUG-EXT: ordered rule count = 66
DEBUG-EXT: building root state
DEBUG-EXT: root current = Knowledge([Triangle(Tao Problem 1.1 triangle), SideLengths(Tao Problem 1.1 triangle), Angles(Tao Problem 1.1 triangle), Area(Tao Problem 1.1 triangle), ArithmeticProgression(SideLengths(Tao Problem 1.1 triangle)), CommonDifference(SideLengths(Tao Problem 1.1 triangle))])
DEBUG-EXT: root steps = 66
DEBUG-EXT: root cursor is empty before theorem seeding
DEBUG-EXT: building root job
DEBUG-EXT: root job frontier size = 1
DEBUG-EXT: creating SearchStep kernel
DEBUG-EXT: kernel created in 0.15506887435913086 seconds
DEBUG-EXT: probing cached solution for root
DEBUG-EXT: cached solution probe finished in 7.940004348754883 seconds
DEBUG-EXT: no cached solution for root
DEBUG-EXT: probing applicable theorem rules for root
DEBUG: search-dfs-stage: computing applicable theorem rules for current=Knowledge([Triangle(Tao Problem 1.1 triangle), SideLengths(Tao Problem 1.1 triangle), Angles(Tao Problem 1.1 triangle), Area(Tao Problem 1.1 triangle), ArithmeticProgression(SideLengths(Tao Problem 1.1 triangle)), CommonDifference(SideLengths(Tao Problem 1.1 triangle))])
DEBUG: search-dfs-stage: applicable theorem rules ready count=18 for current=Knowledge([Triangle(Tao Problem 1.1 triangle), SideLengths(Tao Problem 1.1 triangle), Angles(Tao Problem 1.1 triangle), Area(Tao Problem 1.1 triangle), ArithmeticProgression(SideLengths(Tao Problem 1.1 triangle)), CommonDifference(SideLengths(Tao Problem 1.1 triangle))])
DEBUG-EXT: applicable theorem rules ready in 372.93288564682007 seconds
DEBUG-EXT: applicable theorem rule count = 18
DEBUG-EXT: applicable theorem 0 = CommonDifference(?object)  ->  Parameter(CommonDifference(?object))
DEBUG-EXT: applicable theorem 1 = ArithmeticProgression(?object)  ->  MiddleTermAverage(?object)
DEBUG-EXT: applicable theorem 2 = Triangle(?shape)  ->  Polygon(?shape)
DEBUG-EXT: applicable theorem 3 = Triangle(?shape)  ->  SideLengths(?shape)
DEBUG-EXT: applicable theorem 4 = Triangle(?shape)  ->  Angles(?shape)
DEBUG-EXT: probing ordered theorem rules for root
DEBUG-EXT: ordered theorem probe raised
Traceback (most recent call last):
  File "/home/user/cat_theo_machine/probes/tao_dfs_probe_extended.py", line 184, in <module>
    ordered_theorems = kernel._theorem_rules_for(M.SearchStateCurrent(root_state)(), normalized_goal)
  File "/home/user/hyge/search/engine.py", line 680, in _theorem_rules_for
    applicable_rules = self._theorem_applicable_rules_for(current)
  File "/home/user/hyge/search/engine.py", line 627, in _theorem_applicable_rules_for
    cached = self._tree_lookup_fact(self._theorem_applicable_rule_cache, cache_key)
  File "/home/user/hyge/search/engine.py", line 355, in _tree_lookup_fact
    return SearchPatriciaLookupByKey(tree, key, self.registry)()
           ~~~~~~~~~~~~~~~~~~~~~~~~~^^^^^^^^^^^^^^^^^^^^^^^^^^
  File "/home/user/hyge/search/patricia.py", line 500, in __init__
    self.result = self._lookup(tree, key)
                  ~~~~~~~~~~~~^^^^^^^^^^^
  File "/home/user/hyge/search/patricia.py", line 508, in _lookup
    return Tmod.TreeLookup(tree, key, self.registry)()
           ~~~~~~~~~~~~~~~^^^^^^^^^^^^^^^^^^^^^^^^^^
  File "/home/user/hyge/trees.py", line 969, in __init__
    self.result = self._lookup_tree(tree, key)
                  ~~~~~~~~~~~~~~~~~^^^^^^^^^^^
  File "/home/user/hyge/trees.py", line 1037, in _lookup_tree
    exact_key = self._interned_key(tree, key)
  File "/home/user/hyge/trees.py", line 1054, in _interned_key
    existing = TreePatriciaLookup(key_store, path, exact_key)()
               ~~~~~~~~~~~~~~~~~~^^^^^^^^^^^^^^^^^^^^^^^^^^^^
  File "/home/user/hyge/trees.py", line 484, in __init__
    self.result = self._lookup(tree, path, exact_key)
                  ~~~~~~~~~~~~^^^^^^^^^^^^^^^^^^^^^^^
  File "/home/user/hyge/trees.py", line 568, in _lookup
    if TreeTermEqual(self._leaf_suffix(tree), path)() is false_value:
       ~~~~~~~~~~~~~^^^^^^^^^^^^^^^^^^^^^^^^^^^^^^^
  File "/home/user/hyge/trees.py", line 43, in __init__
    self.result = self._equal(left, right)
                  ~~~~~~~~~~~^^^^^^^^^^^^^
  File "/home/user/hyge/trees.py", line 55, in _equal
    return self._equal(Tail(left)(), Tail(right)())
           ~~~~~~~~~~~^^^^^^^^^^^^^^^^^^^^^^^^^^^^^
  File "/home/user/hyge/trees.py", line 55, in _equal
    return self._equal(Tail(left)(), Tail(right)())
           ~~~~~~~~~~~^^^^^^^^^^^^^^^^^^^^^^^^^^^^^
  File "/home/user/hyge/trees.py", line 55, in _equal
    return self._equal(Tail(left)(), Tail(right)())
           ~~~~~~~~~~~^^^^^^^^^^^^^^^^^^^^^^^^^^^^^
  [Previous line repeated 967 more times]
  File "/home/user/hyge/trees.py", line 52, in _equal
    head_equal = self._equal(Head(left)(), Head(right)())
  File "/home/user/hyge/trees.py", line 55, in _equal
    return self._equal(Tail(left)(), Tail(right)())
           ~~~~~~~~~~~^^^^^^^^^^^^^^^^^^^^^^^^^^^^^
  File "/home/user/hyge/trees.py", line 51, in _equal
    if AndAtom(left_is_pair, right_is_pair)() is truth_value:
       ~~~~~~~~~~~~~~~~~~~~~~~~~~~~~~~~~~~~^^
  File "/home/user/hyge/logic.py", line 39, in __call__
    temp = NandAtom(self.a, self.b)()
           ~~~~~~~~^^^^^^^^^^^^^^^^
  File "/home/user/hyge/logic.py", line 21, in __init__
    super().__init__(inputs=Pair(a, Pair(b, EmptyList)), results=self.result)
                                    ~~~~^^^^^^^^^^^^^^
  File "/home/user/hyge/core.py", line 101, in __init__
    self.head = Atom()
                ~~~~^^
  File "/home/user/hyge/core.py", line 14, in __init__
    self.id = Atom._id_constructor(self)
              ~~~~~~~~~~~~~~~~~~~~^^^^^^
  File "/home/user/hyge/core.py", line 62, in make_id
    return UniqueId(atom)()
           ~~~~~~~~^^^^^^
  File "/home/user/hyge/core.py", line 54, in __init__
    self.token = uuid.uuid4()
                 ~~~~~~~~~~^^
  File "/usr/local/lib/python3.13/uuid.py", line 716, in uuid4
    return UUID(bytes=os.urandom(16), version=4)
RecursionError: maximum recursion depth exceeded
