Reading pack order-sign...
Reading pack order-sign, done in 0.22s
Reading pack sqrt-real...
Reading pack sqrt-real, done in 0.28s
Reading pack algebra-distribute...
Reading pack algebra-distribute, done in 0.07s
Reading pack real-closure...
Reading pack real-closure, done in 0.16s
Reading pack arithmetic...
Reading pack arithmetic, done in 0.09s
Reading pack geometry-ontology...
Reading pack geometry-ontology, done in 0.83s
Reading pack trigonometry...
Reading pack trigonometry, done in 0.27s
Reading pack geometry...
Reading pack geometry, it's taken 1.0s already and countingReading pack geometry, done in 1.47s
DEBUG: search-dfs-stage: applicable theorem rules start for current=Knowledge([Triangle(Tao Problem 1.1 triangle), SideLengths(Tao Problem 1.1 triangle), Angles(Tao Problem 1.1 triangle), Area(Tao Problem 1.1 triangle), ArithmeticProgression(SideLengths(Tao Problem 1.1 triangle)), CommonDifference(SideLengths(Tao Problem 1.1 triangle))])
DEBUG: search-dfs-stage: applicable theorem rules after cache key in 5.557s
DEBUG: search-dfs-stage: applicable theorem rules after cache lookup in 0.000s
DEBUG: search-dfs-stage: computing applicable theorem rules for current=Knowledge([Triangle(Tao Problem 1.1 triangle), SideLengths(Tao Problem 1.1 triangle), Angles(Tao Problem 1.1 triangle), Area(Tao Problem 1.1 triangle), ArithmeticProgression(SideLengths(Tao Problem 1.1 triangle)), CommonDifference(SideLengths(Tao Problem 1.1 triangle))])
DEBUG: search-dfs-stage: applicable theorem rules after head index in 2.560s
DEBUG: filter-applicable: rule-index=0 anchor=<skipped:no-head> anchor-s=0.000 bucket-s=0.000 bucket-size=0 match-s=0.000 attempts=0 admitted=no
DEBUG: filter-applicable: rule-index=0 anchor=<skipped:no-head> anchor-s=0.000 bucket-s=0.000 bucket-size=0 match-s=0.000 attempts=0 admitted=no
DEBUG: filter-applicable: rule-index=0 anchor=<skipped:no-head> anchor-s=0.000 bucket-s=0.000 bucket-size=0 match-s=0.000 attempts=0 admitted=no
DEBUG: filter-applicable: rule-index=0 anchor=<skipped:no-head> anchor-s=0.000 bucket-s=0.000 bucket-size=0 match-s=0.000 attempts=0 admitted=no
DEBUG: filter-applicable: rule-index=1 anchor=<skipped:no-head> anchor-s=0.000 bucket-s=0.000 bucket-size=0 match-s=0.000 attempts=0 admitted=no
DEBUG: filter-applicable: rule-index=1 anchor=<skipped:no-head> anchor-s=0.000 bucket-s=0.000 bucket-size=0 match-s=0.000 attempts=0 admitted=no
DEBUG: filter-applicable: rule-index=0 anchor=<skipped:no-head> anchor-s=0.000 bucket-s=0.000 bucket-size=0 match-s=0.000 attempts=0 admitted=no
DEBUG: filter-applicable: rule-index=1 anchor=<skipped:no-head> anchor-s=0.000 bucket-s=0.000 bucket-size=0 match-s=0.000 attempts=0 admitted=no
DEBUG: filter-applicable: rule-index=1 anchor=<skipped:no-head> anchor-s=0.000 bucket-s=0.000 bucket-size=0 match-s=0.000 attempts=0 admitted=no
DEBUG: filter-applicable: rule-index=1 anchor=<skipped:no-head> anchor-s=0.000 bucket-s=0.000 bucket-size=0 match-s=0.000 attempts=0 admitted=no
DEBUG: filter-applicable: rule-index=2 anchor=<skipped:no-head> anchor-s=0.000 bucket-s=0.000 bucket-size=0 match-s=0.000 attempts=0 admitted=no
DEBUG: filter-applicable: rule-index=0 anchor=ArithmeticProgression(?object) anchor-s=0.000 bucket-s=0.569 bucket-size=1 match-s=0.280 attempts=1 admitted=yes
DEBUG: filter-applicable: rule-index=0 anchor=<skipped:no-head> anchor-s=0.000 bucket-s=0.000 bucket-size=0 match-s=0.000 attempts=0 admitted=no
DEBUG: filter-applicable: rule-index=2 anchor=<skipped:no-head> anchor-s=0.000 bucket-s=0.000 bucket-size=0 match-s=0.000 attempts=0 admitted=no
DEBUG: filter-applicable: rule-index=2 anchor=<skipped:no-head> anchor-s=0.000 bucket-s=0.000 bucket-size=0 match-s=0.000 attempts=0 admitted=no
DEBUG: filter-applicable: rule-index=0 anchor=Triangle(?shape) anchor-s=0.000 bucket-s=0.587 bucket-size=1 match-s=0.268 attempts=1 admitted=yes
DEBUG: filter-applicable: rule-index=2 anchor=<skipped:no-head> anchor-s=0.000 bucket-s=0.000 bucket-size=0 match-s=0.000 attempts=0 admitted=no
DEBUG: filter-applicable: rule-index=0 anchor=Triangle(?shape) anchor-s=0.000 bucket-s=0.745 bucket-size=1 match-s=0.324 attempts=1 admitted=yes
DEBUG: filter-applicable: rule-index=0 anchor=Triangle(?shape) anchor-s=0.000 bucket-s=0.804 bucket-size=1 match-s=0.329 attempts=1 admitted=yes
DEBUG: filter-applicable: rule-index=1 anchor=<skipped:no-head> anchor-s=0.000 bucket-s=0.000 bucket-size=0 match-s=0.000 attempts=0 admitted=no
DEBUG: filter-applicable: rule-index=2 anchor=<skipped:no-head> anchor-s=0.000 bucket-s=0.000 bucket-size=0 match-s=0.000 attempts=0 admitted=no
DEBUG: filter-applicable: rule-index=1 anchor=Triangle(?shape) anchor-s=0.000 bucket-s=0.773 bucket-size=1 match-s=0.369 attempts=1 admitted=yes
DEBUG: filter-applicable: rule-index=1 anchor=Triangle(?shape) anchor-s=0.025 bucket-s=0.801 bucket-size=1 match-s=0.322 attempts=1 admitted=yes
DEBUG: filter-applicable: rule-index=0 anchor=Area(?triangle) anchor-s=0.000 bucket-s=0.995 bucket-size=1 match-s=0.439 attempts=1 admitted=yes
DEBUG: filter-applicable: rule-index=3 anchor=<skipped:no-head> anchor-s=0.000 bucket-s=0.000 bucket-size=0 match-s=0.000 attempts=0 admitted=no
DEBUG: filter-applicable: rule-index=3 anchor=<skipped:no-head> anchor-s=0.000 bucket-s=0.000 bucket-size=0 match-s=0.000 attempts=0 admitted=no
DEBUG: filter-applicable: rule-index=1 anchor=Triangle(?shape) anchor-s=0.025 bucket-s=0.963 bucket-size=1 match-s=0.456 attempts=1 admitted=yes
DEBUG: filter-applicable: rule-index=3 anchor=<skipped:no-head> anchor-s=0.000 bucket-s=0.000 bucket-size=0 match-s=0.000 attempts=0 admitted=no
DEBUG: filter-applicable: rule-index=1 anchor=Triangle(?shape) anchor-s=0.000 bucket-s=0.915 bucket-size=1 match-s=0.379 attempts=1 admitted=yes
DEBUG: filter-applicable: rule-index=3 anchor=<skipped:no-head> anchor-s=0.000 bucket-s=0.000 bucket-size=0 match-s=0.000 attempts=0 admitted=no
DEBUG: filter-applicable: rule-index=2 anchor=<skipped:no-head> anchor-s=0.000 bucket-s=0.000 bucket-size=0 match-s=0.000 attempts=0 admitted=no
DEBUG: filter-applicable: rule-index=0 anchor=<skipped:no-head> anchor-s=0.000 bucket-s=0.000 bucket-size=0 match-s=0.000 attempts=0 admitted=no
DEBUG: filter-applicable: rule-index=0 anchor=Triangle(?triangle) anchor-s=2.019 bucket-s=1.005 bucket-size=1 match-s=0.408 attempts=1 admitted=yes
DEBUG: filter-applicable: rule-index=2 anchor=<skipped:no-head> anchor-s=0.000 bucket-s=0.000 bucket-size=0 match-s=0.000 attempts=0 admitted=no
DEBUG: filter-applicable: rule-index=3 anchor=<skipped:no-head> anchor-s=0.000 bucket-s=0.000 bucket-size=0 match-s=0.000 attempts=0 admitted=no
DEBUG: filter-applicable: rule-index=1 anchor=<skipped:no-head> anchor-s=0.000 bucket-s=0.000 bucket-size=0 match-s=0.000 attempts=0 admitted=no
DEBUG: filter-applicable: rule-index=2 anchor=Triangle(?shape) anchor-s=0.000 bucket-s=1.037 bucket-size=1 match-s=0.514 attempts=1 admitted=yes
DEBUG: filter-applicable: rule-index=2 anchor=Triangle(?shape) anchor-s=0.000 bucket-s=0.987 bucket-size=1 match-s=0.461 attempts=1 admitted=yes
DEBUG: filter-applicable: rule-index=2 anchor=Triangle(?shape) anchor-s=0.000 bucket-s=0.989 bucket-size=1 match-s=0.456 attempts=1 admitted=yes
DEBUG: filter-applicable: rule-index=3 anchor=<skipped:no-head> anchor-s=0.000 bucket-s=0.000 bucket-size=0 match-s=0.000 attempts=0 admitted=no
DEBUG: filter-applicable: rule-index=0 anchor=Length(FirstEdge(Edges(?triangle))) anchor-s=8.123 bucket-s=1.986 bucket-size=0 match-s=0.000 attempts=0 admitted=no
DEBUG: filter-applicable: rule-index=3 anchor=CommonDifference(?object) anchor-s=0.000 bucket-s=0.863 bucket-size=1 match-s=0.329 attempts=1 admitted=yes
DEBUG: filter-applicable: rule-index=0 anchor=Parameter(CommonDifference(SideLengths(?triangle))) anchor-s=5.657 bucket-s=1.780 bucket-size=0 match-s=0.000 attempts=0 admitted=no
DEBUG: filter-applicable: rule-index=3 anchor=Triangle(?shape) anchor-s=0.000 bucket-s=0.690 bucket-size=1 match-s=0.299 attempts=1 admitted=yes
DEBUG: filter-applicable: rule-index=0 anchor=Solved((cos(FirstAngle(?triangle)) = ?first_angle_rhs)) anchor-s=6.105 bucket-s=1.676 bucket-size=0 match-s=0.000 attempts=0 admitted=no
DEBUG: filter-applicable: rule-index=1 anchor=Length(FirstEdge(Edges(?triangle))) anchor-s=5.943 bucket-s=1.502 bucket-size=0 match-s=0.000 attempts=0 admitted=no
DEBUG: filter-applicable: rule-index=3 anchor=Triangle(?shape) anchor-s=0.017 bucket-s=0.672 bucket-size=1 match-s=0.287 attempts=1 admitted=yes
DEBUG: filter-applicable: rule-index=3 anchor=Triangle(?shape) anchor-s=0.000 bucket-s=0.680 bucket-size=1 match-s=0.246 attempts=1 admitted=yes
DEBUG: filter-applicable: rule-index=1 anchor=<skipped:no-head> anchor-s=0.000 bucket-s=0.000 bucket-size=0 match-s=0.000 attempts=0 admitted=no
DEBUG: filter-applicable: rule-index=2 anchor=Parameter(CommonDifference(SideLengths(?triangle))) anchor-s=1.998 bucket-s=1.644 bucket-size=0 match-s=0.000 attempts=0 admitted=no
DEBUG: filter-applicable: rule-index=0 anchor=0 anchor-s=0.000 bucket-s=0.004 bucket-size=0 match-s=19.746 attempts=6 admitted=no
DEBUG: filter-applicable: rule-index=1 anchor=Solved(SideLengths(?triangle)) anchor-s=6.372 bucket-s=1.291 bucket-size=0 match-s=0.000 attempts=0 admitted=no
DEBUG: filter-applicable: rule-index=2 anchor=<skipped:no-head> anchor-s=0.000 bucket-s=0.000 bucket-size=0 match-s=0.000 attempts=0 admitted=no
DEBUG: filter-applicable: rule-index=2 anchor=Triangle(?triangle) anchor-s=0.645 bucket-s=0.559 bucket-size=1 match-s=0.240 attempts=1 admitted=yes
DEBUG: filter-applicable: rule-index=1 anchor=0 anchor-s=0.013 bucket-s=0.007 bucket-size=0 match-s=0.736 attempts=6 admitted=no
DEBUG: filter-applicable: rule-index=1 anchor=Solved(SideLengths(?triangle)) anchor-s=2.543 bucket-s=1.099 bucket-size=0 match-s=0.000 attempts=0 admitted=no
DEBUG: filter-applicable: rule-index=2 anchor=<skipped:no-head> anchor-s=0.000 bucket-s=0.000 bucket-size=0 match-s=0.000 attempts=0 admitted=no
DEBUG: filter-applicable: rule-index=3 anchor=<skipped:no-head> anchor-s=0.000 bucket-s=0.000 bucket-size=0 match-s=0.000 attempts=0 admitted=no
DEBUG: filter-applicable: rule-index=3 anchor=<skipped:no-head> anchor-s=0.000 bucket-s=0.000 bucket-size=0 match-s=0.000 attempts=0 admitted=no
DEBUG: filter-applicable: rule-index=1 anchor=Length(FirstEdge(Edges(?triangle))) anchor-s=5.173 bucket-s=0.965 bucket-size=0 match-s=0.000 attempts=0 admitted=no
DEBUG: filter-applicable: rule-index=3 anchor=Parameter(CommonDifference(SideLengths(?triangle))) anchor-s=1.064 bucket-s=0.842 bucket-size=0 match-s=0.000 attempts=0 admitted=no
DEBUG: filter-applicable: rule-index=2 anchor=Solved((Length(FirstEdge(Edges(?triangle))) = ?first_edge)) anchor-s=1.916 bucket-s=0.609 bucket-size=0 match-s=0.000 attempts=0 admitted=no
DEBUG: filter-applicable: rule-index=3 anchor=Length(FirstEdge(Edges(?triangle))) anchor-s=1.828 bucket-s=0.559 bucket-size=0 match-s=0.000 attempts=0 admitted=no
DEBUG: filter-applicable: rule-index=2 anchor=Length(FirstEdge(Edges(?triangle))) anchor-s=1.741 bucket-s=0.370 bucket-size=0 match-s=0.000 attempts=0 admitted=no
DEBUG: filter-applicable: rule-index=3 anchor=Solved((Length(FirstEdge(Edges(?triangle))) = ?first_edge)) anchor-s=0.821 bucket-s=0.258 bucket-size=0 match-s=0.000 attempts=0 admitted=no
DEBUG: filter-applicable: rule-index=3 anchor=Length(FirstEdge(Edges(?triangle))) anchor-s=0.992 bucket-s=0.264 bucket-size=0 match-s=0.000 attempts=0 admitted=no
DEBUG: search-dfs-stage: applicable theorem rules after filtering in 28.646s
DEBUG: search-dfs-stage: applicable theorem rules ready count=18 for current=Knowledge([Triangle(Tao Problem 1.1 triangle), SideLengths(Tao Problem 1.1 triangle), Angles(Tao Problem 1.1 triangle), Area(Tao Problem 1.1 triangle), ArithmeticProgression(SideLengths(Tao Problem 1.1 triangle)), CommonDifference(SideLengths(Tao Problem 1.1 triangle))])
DEBUG: search-dfs-stage: applicable theorem rules after cache store in 12.834s total=49.598s
