DEBUG-EXT: starting extended Tao DFS probe
DEBUG-EXT: booting runtime from packs
Reading pack order-sign...
Reading pack order-sign, done in 0.32s
Reading pack sqrt-real...
Reading pack sqrt-real, done in 0.45s
Reading pack algebra-distribute...
Reading pack algebra-distribute, done in 0.12s
Reading pack real-closure...
Reading pack real-closure, done in 0.26s
Reading pack arithmetic...
Reading pack arithmetic, done in 0.14s
Reading pack geometry-ontology...
Reading pack geometry-ontology, it's taken 1.0s already and countingReading pack geometry-ontology, done in 1.36s
Reading pack trigonometry...
Reading pack trigonometry, done in 0.45s
Reading pack geometry...
Reading pack geometry, it's taken 1.0s already and countingReading pack geometry, it's taken 2.0s already and countingReading pack geometry, done in 2.47s
DEBUG-EXT: runtime booted in 28.237812519073486 seconds
DEBUG-EXT: console disabled for probe
DEBUG-EXT: pack order-sign loaded
DEBUG-EXT: pack sqrt-real loaded
DEBUG-EXT: pack algebra-distribute loaded
DEBUG-EXT: pack real-closure loaded
DEBUG-EXT: pack arithmetic loaded
DEBUG-EXT: pack geometry-ontology loaded
DEBUG-EXT: pack trigonometry loaded
DEBUG-EXT: pack geometry loaded
DEBUG-EXT: loading Tao problem example from geometry pack
DEBUG-EXT: raw start built
DEBUG-EXT: raw start = Knowledge([Triangle(Tao Problem 1.1 triangle), SideLengths(Tao Problem 1.1 triangle), Angles(Tao Problem 1.1 triangle), ArithmeticProgression(SideLengths(Tao Problem 1.1 triangle)), CommonDifference(SideLengths(Tao Problem 1.1 triangle)), Area(Tao Problem 1.1 triangle)])
DEBUG-EXT: raw goal = Solved(Triangle(Tao Problem 1.1 triangle))
DEBUG-EXT: normalizing start knowledge
DEBUG-EXT: normalized start in 0.9227612018585205 seconds
DEBUG-EXT: normalized start = Knowledge([ArithmeticProgression(SideLengths(Tao Problem 1.1 triangle)), Area(Tao Problem 1.1 triangle), Triangle(Tao Problem 1.1 triangle), SideLengths(Tao Problem 1.1 triangle), CommonDifference(SideLengths(Tao Problem 1.1 triangle)), Angles(Tao Problem 1.1 triangle)])
DEBUG-EXT: normalizing goal
DEBUG-EXT: normalized goal in 9.775161743164062e-05 seconds
DEBUG-EXT: normalized goal = Solved(Triangle(Tao Problem 1.1 triangle))
DEBUG-EXT: checking derivation cache before search
DEBUG-EXT: derivation cache lookup finished in 0.019539356231689453 seconds
DEBUG-EXT: derivation cache miss
DEBUG-EXT: loading ordered rules
DEBUG-EXT: ordered rules loaded in 0.020818471908569336 seconds
