DEBUG-EXT: starting extended Tao DFS probe
DEBUG-EXT: booting runtime from packs
Reading pack order-sign...
Reading pack order-sign, done in 0.75s
Reading pack sqrt-real...
Reading pack sqrt-real, it's taken 1.0s already and countingReading pack sqrt-real, done in 1.03s
Reading pack algebra-distribute...
Reading pack algebra-distribute, done in 0.32s
Reading pack real-closure...
Reading pack real-closure, done in 0.58s
Reading pack arithmetic...
Reading pack arithmetic, done in 0.36s
Reading pack geometry-ontology...
Reading pack geometry-ontology, it's taken 1.2s already and countingReading pack geometry-ontology, it's taken 2.3s already and countingReading pack geometry-ontology, done in 3.27s
Reading pack trigonometry...
Reading pack trigonometry, it's taken 1.1s already and countingReading pack trigonometry, done in 1.06s
Reading pack geometry...
Reading pack geometry, it's taken 1.1s already and countingReading pack geometry, it's taken 2.4s already and countingReading pack geometry, it's taken 3.7s already and countingReading pack geometry, it's taken 4.8s already and countingReading pack geometry, it's taken 5.8s already and countingReading pack geometry, done in 5.83s
DEBUG-EXT: runtime booted in 65.76851010322571 seconds
DEBUG-EXT: console disabled for probe
DEBUG-EXT: pack order-sign loaded
DEBUG-EXT: pack sqrt-real loaded
DEBUG-EXT: pack algebra-distribute loaded
DEBUG-EXT: pack real-closure loaded
DEBUG-EXT: pack arithmetic loaded
DEBUG-EXT: pack geometry-ontology loaded
DEBUG-EXT: pack trigonometry loaded
DEBUG-EXT: pack geometry loaded
DEBUG-EXT: loading Tao problem example from geometry pack
DEBUG-EXT: raw start built
DEBUG-EXT: raw start = Knowledge([Triangle(Tao Problem 1.1 triangle), SideLengths(Tao Problem 1.1 triangle), Angles(Tao Problem 1.1 triangle), ArithmeticProgression(SideLengths(Tao Problem 1.1 triangle)), CommonDifference(SideLengths(Tao Problem 1.1 triangle)), Area(Tao Problem 1.1 triangle)])
DEBUG-EXT: raw goal = Solved(Triangle(Tao Problem 1.1 triangle))
DEBUG-EXT: normalizing start knowledge
DEBUG-EXT: normalized start in 8.883424997329712 seconds
DEBUG-EXT: normalized start = Knowledge([Triangle(Tao Problem 1.1 triangle), SideLengths(Tao Problem 1.1 triangle), Angles(Tao Problem 1.1 triangle), Area(Tao Problem 1.1 triangle), ArithmeticProgression(SideLengths(Tao Problem 1.1 triangle)), CommonDifference(SideLengths(Tao Problem 1.1 triangle))])
DEBUG-EXT: normalizing goal
DEBUG-EXT: normalized goal in 7.748603820800781e-05 seconds
DEBUG-EXT: nDEBUG-EXT: ordered rule count = 66
DEBUG-EXT: building root state
DEBUG-EXT: root current = Knowledge([Triangle(Tao Problem 1.1 triangle), SideLengths(Tao Problem 1.1 triangle), Angles(Tao Problem 1.1 triangle), Area(Tao Problem 1.1 triangle), ArithmeticProgression(SideLengths(Tao Problem 1.1 triangle)), CommonDiDEBUG-EXT: ordered rule count = 66
DEBUG-EXT: building root state
DEBUG-EXT: root current = Knowledge([Triangle(Tao Problem 1.1 triangle), SideLengths(Tao Problem 1.1 triangle), Angles(Tao Problem 1.1 triangle), Area(Tao Problem 1.1 triangle), ArithmeticProgression(SideLengths(Tao Problem 1.1 triangle)), CommonDifference(SideLengths(Tao Problem 1.1 triangle))])
DEBUG-EXT: root steps = 66
DEBUG-EXT: root cursor is empty before theorem seeding
DEBUG-EXT: building root job
DEBUG-EXT: root job frontier size = 1
DEBUG-EXT: creating SearchStep kernel
DEBUG-EXT: kernel created in 0.42455339431762695 seconds
DEBUG-EXT: probing cached solution for root
DEBUG-EXT: cached solution probe finished in 18.607974767684937 seconds
DEBUG-EXT: no cached solution for root
DEBUG-EXT: probing applicable theorem rules for root
DEBUG: search-dfs-stage: computing applicable theorem rules for current=Knowledge([Triangle(Tao Problem 1.1 triangle), SideLengths(Tao Problem 1.1 triangle), Angles(Tao Problem 1.1 triangle), Area(Tao Problem 1.1 triangle), ArithmeticProgression(SideLengths(Tao Problem 1.1 triangle)), CommonDifference(SideLengths(Tao Problem 1.1 triangle))])
orem rules ready in 2891.437686443329 seconds
DEBUG-EXT: applicable theorem rule count = 18
DEBUG-EXT: applicable theorem 0 = CommonDifference(?object)  ->  Parameter(CommonDifference(?object))
DEBUG-EXT: applicable theorem 1 = ArithmeticProgression(?object)  ->  MiddleTermAverage(?object)
DEBUG-EXT: applicable theorem 2 = Triangle(?shape)  ->  Polygon(?shape)
DEBUG-EXT: applicable theorem 3 = Triangle(?shape)  ->  SideLengths(?shape)
DEBUG-EXT: applicable theorem 4 = Triangle(?shape)  ->  Angles(?shape)
DEBUG-EXT: probing ordered theorem rules for root
DEBUG: search-dfs-stage: applicable theorem rules cache hit count=18 for current=Knowledge([Triangle(Tao Problem 1.1 triangle), SideLengths(Tao Problem 1.1 triangle), Angles(Tao Problem 1.1 triangle), Area(Tao Problem 1.1 triangle), ArithmeticProgression(SideLengths(Tao Problem 1.1 triangle)), CommonDifference(SideLengths(Tao Problem 1.1 triangle))])
DEBUG: search-dfs-stage: ordering theorem rules toward goal=Solved(Triangle(Tao Problem 1.1 triangle)) for current=Knowledge([Triangle(Tao Problem 1.1 triangle), SideLengths(Tao Problem 1.1 triangle), Angles(Tao Problem 1.1 triangle), Area(Tao Problem 1.1 triangle), ArithmeticProgression(SideLengths(Tao Problem 1.1 triangle)), CommonDifference(SideLengths(Tao Problem 1.1 triangle))])
